Archive member included because of file (symbol)

..\..\..\..\..\..\bin\framework\peripheral\PIC32MX795F512L_peripherals.a(peripheral.o)
                              build/default/production/_ext/1361460060/drv_adc_static.o (PLIB_ADC_Enable)

Optional file libmchp_peripheral.a not found

Optional file libmchp_peripheral_32MX795F512L.a not found
c:/program files/microchip/xc32/v2.50/bin/bin/../../lib/gcc/pic32mx/4.8.3\libgcc.a(_udivdi3.o)
                              build/default/production/_ext/430974239/sys_tmr.o (__udivdi3)
c:/program files/microchip/xc32/v2.50/bin/bin/../../lib/gcc/pic32mx/4.8.3/../../../../pic32mx/lib\libpic32.a(memcmp.o)
                              build/default/production/_ext/1189039745/sys_fs_media_manager.o (memcmp)
c:/program files/microchip/xc32/v2.50/bin/bin/../../lib/gcc/pic32mx/4.8.3/../../../../pic32mx/lib\libpic32.a(memcpy.o)
                              build/default/production/_ext/1189039745/sys_fs_media_manager.o (memcpy)
c:/program files/microchip/xc32/v2.50/bin/bin/../../lib/gcc/pic32mx/4.8.3/../../../../pic32mx/lib\libpic32.a(memset.o)
                              build/default/production/_ext/1856604796/drv_sdcard.o (memset)
c:/program files/microchip/xc32/v2.50/bin/bin/../../lib/gcc/pic32mx/4.8.3/../../../../pic32mx/lib\libpic32.a(strcmp.o)
                              build/default/production/_ext/1189039745/sys_fs_media_manager.o (strcmp)
c:/program files/microchip/xc32/v2.50/bin/bin/../../lib/gcc/pic32mx/4.8.3/../../../../pic32mx/lib\libpic32.a(strcpy.o)
                              build/default/production/_ext/1189039745/sys_fs.o (strcpy)
c:/program files/microchip/xc32/v2.50/bin/bin/../../lib/gcc/pic32mx/4.8.3/../../../../pic32mx/lib\libpic32.a(strlen.o)
                              build/default/production/_ext/1189039745/sys_fs.o (strlen)
c:/program files/microchip/xc32/v2.50/bin/bin/../../lib/gcc/pic32mx/4.8.3/../../../../pic32mx/lib\libpic32.a(default-bootstrap-exception-handler.o)
                              C:\Users\AYMCLA~1\AppData\Local\Temp\ccdSetUp.o (_bootstrap_exception_handler)
c:/program files/microchip/xc32/v2.50/bin/bin/../../lib/gcc/pic32mx/4.8.3/../../../../pic32mx/lib\libpic32.a(default-on-reset.o)
                              C:\Users\AYMCLA~1\AppData\Local\Temp\ccdSetUp.o (_on_reset)
c:/program files/microchip/xc32/v2.50/bin/bin/../../lib/gcc/pic32mx/4.8.3/../../../../pic32mx/lib\libpic32.a(default-on-bootstrap.o)
                              C:\Users\AYMCLA~1\AppData\Local\Temp\ccdSetUp.o (_on_bootstrap)
c:/program files/microchip/xc32/v2.50/bin/bin/../../lib/gcc/pic32mx/4.8.3/../../../../pic32mx/lib\libpic32.a(default-nmi-handler.o)
                              C:\Users\AYMCLA~1\AppData\Local\Temp\ccdSetUp.o (_nmi_handler)
c:/program files/microchip/xc32/v2.50/bin/bin/../../lib/gcc/pic32mx/4.8.3/../../../../pic32mx/lib\libpic32.a(pic32_data_init.o)
                              C:\Users\AYMCLA~1\AppData\Local\Temp\ccdSetUp.o (__pic32_data_init)
c:/program files/microchip/xc32/v2.50/bin/bin/../../lib/gcc/pic32mx/4.8.3/../../../../pic32mx/lib\libpic32.a(general-exception.o)
                              C:\Users\AYMCLA~1\AppData\Local\Temp\ccdSetUp.o (_general_exception_context)
c:/program files/microchip/xc32/v2.50/bin/bin/../../lib/gcc/pic32mx/4.8.3/../../../../pic32mx/lib\libpic32.a(vector0.o)
                              C:\Users\AYMCLA~1\AppData\Local\Temp\ccZEmUHW.o (__vector_dispatch_0)
c:/program files/microchip/xc32/v2.50/bin/bin/../../lib/gcc/pic32mx/4.8.3/../../../../pic32mx/lib\libpic32.a(vector1.o)
                              C:\Users\AYMCLA~1\AppData\Local\Temp\ccZEmUHW.o (__vector_dispatch_1)
c:/program files/microchip/xc32/v2.50/bin/bin/../../lib/gcc/pic32mx/4.8.3/../../../../pic32mx/lib\libpic32.a(vector2.o)
                              C:\Users\AYMCLA~1\AppData\Local\Temp\ccZEmUHW.o (__vector_dispatch_2)
c:/program files/microchip/xc32/v2.50/bin/bin/../../lib/gcc/pic32mx/4.8.3/../../../../pic32mx/lib\libpic32.a(vector3.o)
                              C:\Users\AYMCLA~1\AppData\Local\Temp\ccZEmUHW.o (__vector_dispatch_3)
c:/program files/microchip/xc32/v2.50/bin/bin/../../lib/gcc/pic32mx/4.8.3/../../../../pic32mx/lib\libpic32.a(vector5.o)
                              C:\Users\AYMCLA~1\AppData\Local\Temp\ccZEmUHW.o (__vector_dispatch_5)
c:/program files/microchip/xc32/v2.50/bin/bin/../../lib/gcc/pic32mx/4.8.3/../../../../pic32mx/lib\libpic32.a(vector6.o)
                              C:\Users\AYMCLA~1\AppData\Local\Temp\ccZEmUHW.o (__vector_dispatch_6)
c:/program files/microchip/xc32/v2.50/bin/bin/../../lib/gcc/pic32mx/4.8.3/../../../../pic32mx/lib\libpic32.a(vector7.o)
                              C:\Users\AYMCLA~1\AppData\Local\Temp\ccZEmUHW.o (__vector_dispatch_7)
c:/program files/microchip/xc32/v2.50/bin/bin/../../lib/gcc/pic32mx/4.8.3/../../../../pic32mx/lib\libpic32.a(vector9.o)
                              C:\Users\AYMCLA~1\AppData\Local\Temp\ccZEmUHW.o (__vector_dispatch_9)
[...]
Memory Configuration

Name             Origin             Length             Attributes
kseg0_program_mem 0x9d000000         0x00080000         xr
kseg0_boot_mem   0x9fc00490         0x00000970
exception_mem    0x9fc01000         0x00001000
kseg1_boot_mem   0xbfc00000         0x00000490
debug_exec_mem   0xbfc02000         0x00000ff0
config3          0xbfc02ff0         0x00000004
config2          0xbfc02ff4         0x00000004
config1          0xbfc02ff8         0x00000004
config0          0xbfc02ffc         0x00000004
kseg1_data_mem   0xa0000000         0x00020000         w !x
sfrs             0xbf800000         0x00100000
configsfrs       0xbfc02ff0         0x00000010
*default*        0x00000000         0xffffffff

Linker script and memory map

LOAD c:/program files/microchip/xc32/v2.50/bin/bin/../../lib/gcc/pic32mx/4.8.3/../../../../pic32mx/lib\debug-exception-return.o
LOAD build/default/production/_ext/1361460060/drv_adc_static.o
LOAD build/default/production/_ext/1407244131/drv_tmr_static.o
LOAD build/default/production/_ext/1407244131/drv_tmr_mapping.o
LOAD build/default/production/_ext/1896729784/Mc32DriverAdc.o
LOAD build/default/production/_ext/1360937237/Driver_SR_SN74HCS596QPWRQ1.o
LOAD build/default/production/_ext/1360937237/PIC32130_AT42QT2120_I2C.o
LOAD build/default/production/_ext/1360937237/Mc32_I2cUtilCCS.o
LOAD build/default/production/_ext/1360937237/mcp79411.o
LOAD build/default/production/_ext/1360937237/Mc32gestI2cSeeprom.o
LOAD build/default/production/_ext/1360937237/SDCard_sm.o
LOAD build/default/production/_ext/1360937237/main.o
LOAD build/default/production/_ext/1360937237/app.o
LOAD build/default/production/_ext/1856604796/drv_sdcard.o
LOAD build/default/production/_ext/1535967397/drv_spi.o
LOAD build/default/production/_ext/368788181/drv_spi_sys_queue_fifo.o
LOAD build/default/production/_ext/1189039745/sys_fs.o
LOAD build/default/production/_ext/1189039745/sys_fs_media_manager.o
LOAD build/default/production/_ext/2143635134/ff.o
LOAD build/default/production/_ext/598511097/diskio.o
LOAD build/default/production/_ext/711155467/sys_int_pic32.o
LOAD build/default/production/_ext/430974239/sys_tmr.o
LOAD build/default/production/_ext/977502197/drv_spi_tasks.o
LOAD build/default/production/_ext/977502197/drv_spi_api.o
LOAD build/default/production/_ext/977502197/drv_spi_master_ebm_tasks.o
LOAD build/default/production/_ext/639803181/sys_clk_pic32mx.o
LOAD build/default/production/_ext/340578644/sys_devcon.o
LOAD build/default/production/_ext/340578644/sys_devcon_pic32mx.o
LOAD build/default/production/_ext/822048611/sys_ports_static.o
LOAD build/default/production/_ext/1688732426/system_init.o
LOAD build/default/production/_ext/1688732426/system_interrupt.o
LOAD build/default/production/_ext/1688732426/system_exceptions.o
LOAD build/default/production/_ext/1688732426/system_tasks.o
LOAD ..\..\..\..\..\..\bin\framework\peripheral\PIC32MX795F512L_peripherals.a
                0x00000001                __MPLAB_BUILD = 0x1
                0x00000000                _min_heap_size = 0x0
LOAD C:\Users\AYMCLA~1\AppData\Local\Temp\ccdSetUp.o
LOAD C:\Users\AYMCLA~1\AppData\Local\Temp\cclxww3Z.o
LOAD C:\Users\AYMCLA~1\AppData\Local\Temp\ccZEmUHW.o
LOAD c:/program files/microchip/xc32/v2.50/bin/bin/../../lib/gcc/pic32mx/4.8.3/../../../../pic32mx/lib\pic32_software_reset.o
                0x00000400                PROVIDE (_min_stack_size, 0x400)
START GROUP
LOAD c:/program files/microchip/xc32/v2.50/bin/bin/../../lib/gcc/pic32mx/4.8.3/../../../../pic32mx/lib/./proc/32MX795F512L\processor.o
END GROUP
START GROUP
LOAD libmchp_peripheral.a
END GROUP
START GROUP
LOAD libmchp_peripheral_32MX795F512L.a
END GROUP
                0x00000001                PROVIDE (_vector_spacing, 0x1)
                0x9fc01000                PROVIDE (_ebase_address, 0x9fc01000)
                0xbfc00000                _RESET_ADDR = 0xbfc00000
                0xbfc00380                _BEV_EXCPT_ADDR = 0xbfc00380
                0xbfc00480                _DBG_EXCPT_ADDR = 0xbfc00480
                0xbfc02000                _DBG_CODE_ADDR = 0xbfc02000
                0x00000ff0                _DBG_CODE_SIZE = 0xff0
                0x9fc01180                _GEN_EXCPT_ADDR = (_ebase_address + 0x180)

.config_BFC02FF0
                0xbfc02ff0        0x4
 *(.config_BFC02FF0)
 .config_BFC02FF0
                0xbfc02ff0        0x4 build/default/production/_ext/1688732426/system_init.o

.config_BFC02FF4
                0xbfc02ff4        0x4
 *(.config_BFC02FF4)
 .config_BFC02FF4
                0xbfc02ff4        0x4 build/default/production/_ext/1688732426/system_init.o

.config_BFC02FF8
                0xbfc02ff8        0x4
 *(.config_BFC02FF8)
 .config_BFC02FF8
                0xbfc02ff8        0x4 build/default/production/_ext/1688732426/system_init.o

.config_BFC02FFC
                0xbfc02ffc        0x4
 *(.config_BFC02FFC)
 .config_BFC02FFC
                0xbfc02ffc        0x4 build/default/production/_ext/1688732426/system_init.o
                0xbfc02000                PROVIDE (_DBG_CODE_ADDR, 0xbfc02000)
                0x00000ff0                PROVIDE (_DBG_CODE_SIZE, 0xff0)

.reset          0xbfc00000      0x19c
 *(.reset)
 .reset         0xbfc00000        0x8 C:\Users\AYMCLA~1\AppData\Local\Temp\ccdSetUp.o
                0xbfc00000                _reset
 *(.reset.startup)
 .reset.startup
                0xbfc00008      0x194 C:\Users\AYMCLA~1\AppData\Local\Temp\ccdSetUp.o
                0xbfc00008                _startup

.bev_excpt      0xbfc00380       0x10
 *(.bev_handler)
 .bev_handler   0xbfc00380       0x10 C:\Users\AYMCLA~1\AppData\Local\Temp\ccdSetUp.o

.dbg_excpt      0xbfc00480        0x0
                0xbfc00480                . = (. + DEFINED (_DEBUGGER)?0x8:0x0)

.dbg_code       0xbfc02000        0x0
                0xbfc02000                . = (. + DEFINED (_DEBUGGER)?_DBG_CODE_SIZE:0x0)

.app_excpt      0x9fc01180       0x10
 *(.gen_handler)
 .gen_handler   0x9fc01180       0x10 C:\Users\AYMCLA~1\AppData\Local\Temp\ccdSetUp.o

.vector_0       0x9fc01200        0x8
 *(.vector_0)
 .vector_0      0x9fc01200        0x8 c:/program files/microchip/xc32/v2.50/bin/bin/../../lib/gcc/pic32mx/4.8.3/../../../../pic32mx/lib\libpic32.a(vector0.o)
                0x9fc01200                __vector_dispatch_0
                0x00000001                ASSERT (((_vector_spacing == 0x0) || (SIZEOF (.vector_0) <= (_vector_spacing << 0x5))), function at exception vector 0 too large)

.vector_1       0x9fc01220        0x8
 *(.vector_1)
 .vector_1      0x9fc01220        0x8 c:/program files/microchip/xc32/v2.50/bin/bin/../../lib/gcc/pic32mx/4.8.3/../../../../pic32mx/lib\libpic32.a(vector1.o)
                0x9fc01220                __vector_dispatch_1
                0x00000001                ASSERT (((_vector_spacing == 0x0) || (SIZEOF (.vector_1) <= (_vector_spacing << 0x5))), function at exception vector 1 too large)

.vector_2       0x9fc01240        0x8
 *(.vector_2)
 .vector_2      0x9fc01240        0x8 c:/program files/microchip/xc32/v2.50/bin/bin/../../lib/gcc/pic32mx/4.8.3/../../../../pic32mx/lib\libpic32.a(vector2.o)
                0x9fc01240                __vector_dispatch_2
                0x00000001                ASSERT (((_vector_spacing == 0x0) || (SIZEOF (.vector_2) <= (_vector_spacing << 0x5))), function at exception vector 2 too large)

.vector_3       0x9fc01260        0x8
 *(.vector_3)
 .vector_3      0x9fc01260        0x8 c:/program files/microchip/xc32/v2.50/bin/bin/../../lib/gcc/pic32mx/4.8.3/../../../../pic32mx/lib\libpic32.a(vector3.o)
                0x9fc01260                __vector_dispatch_3
                0x00000001                ASSERT (((_vector_spacing == 0x0) || (SIZEOF (.vector_3) <= (_vector_spacing << 0x5))), function at exception vector 3 too large)

.vector_4       0x9fc01280        0x8
 *(.vector_4)
 .vector_4      0x9fc01280        0x8 build/default/production/_ext/1688732426/system_interrupt.o
                0x9fc01280                __vector_dispatch_4
                0x00000001                ASSERT (((_vector_spacing == 0x0) || (SIZEOF (.vector_4) <= (_vector_spacing << 0x5))), function at exception vector 4 too large)

.vector_5       0x9fc012a0        0x8
 *(.vector_5)
 .vector_5      0x9fc012a0        0x8 c:/program files/microchip/xc32/v2.50/bin/bin/../../lib/gcc/pic32mx/4.8.3/../../../../pic32mx/lib\libpic32.a(vector5.o)
                0x9fc012a0                __vector_dispatch_5
                0x00000001                ASSERT (((_vector_spacing == 0x0) || (SIZEOF (.vector_5) <= (_vector_spacing << 0x5))), function at exception vector 5 too large)

.vector_6       0x9fc012c0        0x8
 *(.vector_6)
 .vector_6      0x9fc012c0        0x8 c:/program files/microchip/xc32/v2.50/bin/bin/../../lib/gcc/pic32mx/4.8.3/../../../../pic32mx/lib\libpic32.a(vector6.o)
                0x9fc012c0                __vector_dispatch_6
                0x00000001                ASSERT (((_vector_spacing == 0x0) || (SIZEOF (.vector_6) <= (_vector_spacing << 0x5))), function at exception vector 6 too large)

.vector_7       0x9fc012e0        0x8
 *(.vector_7)
 .vector_7      0x9fc012e0        0x8 c:/program files/microchip/xc32/v2.50/bin/bin/../../lib/gcc/pic32mx/4.8.3/../../../../pic32mx/lib\libpic32.a(vector7.o)
                0x9fc012e0                __vector_dispatch_7
                0x00000001                ASSERT (((_vector_spacing == 0x0) || (SIZEOF (.vector_7) <= (_vector_spacing << 0x5))), function at exception vector 7 too large)

.vector_8       0x9fc01300        0x8
 *(.vector_8)
 .vector_8      0x9fc01300        0x8 build/default/production/_ext/1688732426/system_interrupt.o
                0x9fc01300                __vector_dispatch_8
                0x00000001                ASSERT (((_vector_spacing == 0x0) || (SIZEOF (.vector_8) <= (_vector_spacing << 0x5))), function at exception vector 8 too large)

.vector_9       0x9fc01320        0x8
 *(.vector_9)
 .vector_9      0x9fc01320        0x8 c:/program files/microchip/xc32/v2.50/bin/bin/../../lib/gcc/pic32mx/4.8.3/../../../../pic32mx/lib\libpic32.a(vector9.o)
                0x9fc01320                __vector_dispatch_9
                0x00000001                ASSERT (((_vector_spacing == 0x0) || (SIZEOF (.vector_9) <= (_vector_spacing << 0x5))), function at exception vector 9 too large)

.vector_10      0x9fc01340        0x8
 *(.vector_10)
 .vector_10     0x9fc01340        0x8 c:/program files/microchip/xc32/v2.50/bin/bin/../../lib/gcc/pic32mx/4.8.3/../../../../pic32mx/lib\libpic32.a(vector10.o)
                0x9fc01340                __vector_dispatch_10
                0x00000001                ASSERT (((_vector_spacing == 0x0) || (SIZEOF (.vector_10) <= (_vector_spacing << 0x5))), function at exception vector 10 too large)

.vector_11      0x9fc01360        0x8
 *(.vector_11)
 .vector_11     0x9fc01360        0x8 c:/program files/microchip/xc32/v2.50/bin/bin/../../lib/gcc/pic32mx/4.8.3/../../../../pic32mx/lib\libpic32.a(vector11.o)
                0x9fc01360                __vector_dispatch_11
                0x00000001                ASSERT (((_vector_spacing == 0x0) || (SIZEOF (.vector_11) <= (_vector_spacing << 0x5))), function at exception vector 11 too large)

.vector_12      0x9fc01380        0x8
 *(.vector_12)
 .vector_12     0x9fc01380        0x8 build/default/production/_ext/1688732426/system_interrupt.o
                0x9fc01380                __vector_dispatch_12
                0x00000001                ASSERT (((_vector_spacing == 0x0) || (SIZEOF (.vector_12) <= (_vector_spacing << 0x5))), function at exception vector 12 too large)

.vector_13      0x9fc013a0        0x8
 *(.vector_13)
 .vector_13     0x9fc013a0        0x8 c:/program files/microchip/xc32/v2.50/bin/bin/../../lib/gcc/pic32mx/4.8.3/../../../../pic32mx/lib\libpic32.a(vector13.o)
                0x9fc013a0                __vector_dispatch_13
                0x00000001                ASSERT (((_vector_spacing == 0x0) || (SIZEOF (.vector_13) <= (_vector_spacing << 0x5))), function at exception vector 13 too large)

.vector_14      0x9fc013c0        0x8
 *(.vector_14)
 .vector_14     0x9fc013c0        0x8 c:/program files/microchip/xc32/v2.50/bin/bin/../../lib/gcc/pic32mx/4.8.3/../../../../pic32mx/lib\libpic32.a(vector14.o)
                0x9fc013c0                __vector_dispatch_14
                0x00000001                ASSERT (((_vector_spacing == 0x0) || (SIZEOF (.vector_14) <= (_vector_spacing << 0x5))), function at exception vector 14 too large)

.vector_15      0x9fc013e0        0x8
 *(.vector_15)
 .vector_15     0x9fc013e0        0x8 c:/program files/microchip/xc32/v2.50/bin/bin/../../lib/gcc/pic32mx/4.8.3/../../../../pic32mx/lib\libpic32.a(vector15.o)
                0x9fc013e0                __vector_dispatch_15
                0x00000001                ASSERT (((_vector_spacing == 0x0) || (SIZEOF (.vector_15) <= (_vector_spacing << 0x5))), function at exception vector 15 too large)

.vector_16      0x9fc01400        0x8
 *(.vector_16)
 .vector_16     0x9fc01400        0x8 build/default/production/_ext/1688732426/system_interrupt.o
                0x9fc01400                __vector_dispatch_16
                0x00000001                ASSERT (((_vector_spacing == 0x0) || (SIZEOF (.vector_16) <= (_vector_spacing << 0x5))), function at exception vector 16 too large)

.vector_17      0x9fc01420        0x8
 *(.vector_17)
 .vector_17     0x9fc01420        0x8 c:/program files/microchip/xc32/v2.50/bin/bin/../../lib/gcc/pic32mx/4.8.3/../../../../pic32mx/lib\libpic32.a(vector17.o)
                0x9fc01420                __vector_dispatch_17
                0x00000001                ASSERT (((_vector_spacing == 0x0) || (SIZEOF (.vector_17) <= (_vector_spacing << 0x5))), function at exception vector 17 too large)

.vector_18      0x9fc01440        0x8
 *(.vector_18)
 .vector_18     0x9fc01440        0x8 c:/program files/microchip/xc32/v2.50/bin/bin/../../lib/gcc/pic32mx/4.8.3/../../../../pic32mx/lib\libpic32.a(vector18.o)
                0x9fc01440                __vector_dispatch_18
                0x00000001                ASSERT (((_vector_spacing == 0x0) || (SIZEOF (.vector_18) <= (_vector_spacing << 0x5))), function at exception vector 18 too large)

.vector_19      0x9fc01460        0x8
 *(.vector_19)
 .vector_19     0x9fc01460        0x8 c:/program files/microchip/xc32/v2.50/bin/bin/../../lib/gcc/pic32mx/4.8.3/../../../../pic32mx/lib\libpic32.a(vector19.o)
                0x9fc01460                __vector_dispatch_19
                0x00000001                ASSERT (((_vector_spacing == 0x0) || (SIZEOF (.vector_19) <= (_vector_spacing << 0x5))), function at exception vector 19 too large)

.vector_20      0x9fc01480        0x8
 *(.vector_20)
 .vector_20     0x9fc01480        0x8 c:/program files/microchip/xc32/v2.50/bin/bin/../../lib/gcc/pic32mx/4.8.3/../../../../pic32mx/lib\libpic32.a(vector20.o)
                0x9fc01480                __vector_dispatch_20
                0x00000001                ASSERT (((_vector_spacing == 0x0) || (SIZEOF (.vector_20) <= (_vector_spacing << 0x5))), function at exception vector 20 too large)

.vector_21      0x9fc014a0        0x8
 *(.vector_21)
 .vector_21     0x9fc014a0        0x8 c:/program files/microchip/xc32/v2.50/bin/bin/../../lib/gcc/pic32mx/4.8.3/../../../../pic32mx/lib\libpic32.a(vector21.o)
                0x9fc014a0                __vector_dispatch_21
                0x00000001                ASSERT (((_vector_spacing == 0x0) || (SIZEOF (.vector_21) <= (_vector_spacing << 0x5))), function at exception vector 21 too large)

.vector_22      0x9fc014c0        0x8
 *(.vector_22)
 .vector_22     0x9fc014c0        0x8 c:/program files/microchip/xc32/v2.50/bin/bin/../../lib/gcc/pic32mx/4.8.3/../../../../pic32mx/lib\libpic32.a(vector22.o)
                0x9fc014c0                __vector_dispatch_22
                0x00000001                ASSERT (((_vector_spacing == 0x0) || (SIZEOF (.vector_22) <= (_vector_spacing << 0x5))), function at exception vector 22 too large)

.vector_23      0x9fc014e0        0x8
 *(.vector_23)
 .vector_23     0x9fc014e0        0x8 build/default/production/_ext/1688732426/system_interrupt.o
                0x9fc014e0                __vector_dispatch_23
                0x00000001                ASSERT (((_vector_spacing == 0x0) || (SIZEOF (.vector_23) <= (_vector_spacing << 0x5))), function at exception vector 23 too large)

.vector_24      0x9fc01500        0x8
 *(.vector_24)
 .vector_24     0x9fc01500        0x8 c:/program files/microchip/xc32/v2.50/bin/bin/../../lib/gcc/pic32mx/4.8.3/../../../../pic32mx/lib\libpic32.a(vector24.o)
                0x9fc01500                __vector_dispatch_24
                0x00000001                ASSERT (((_vector_spacing == 0x0) || (SIZEOF (.vector_24) <= (_vector_spacing << 0x5))), function at exception vector 24 too large)

.vector_25      0x9fc01520        0x8
 *(.vector_25)
 .vector_25     0x9fc01520        0x8 c:/program files/microchip/xc32/v2.50/bin/bin/../../lib/gcc/pic32mx/4.8.3/../../../../pic32mx/lib\libpic32.a(vector25.o)
                0x9fc01520                __vector_dispatch_25
                0x00000001                ASSERT (((_vector_spacing == 0x0) || (SIZEOF (.vector_25) <= (_vector_spacing << 0x5))), function at exception vector 25 too large)

.vector_26      0x9fc01540        0x8
 *(.vector_26)
 .vector_26     0x9fc01540        0x8 c:/program files/microchip/xc32/v2.50/bin/bin/../../lib/gcc/pic32mx/4.8.3/../../../../pic32mx/lib\libpic32.a(vector26.o)
                0x9fc01540                __vector_dispatch_26
                0x00000001                ASSERT (((_vector_spacing == 0x0) || (SIZEOF (.vector_26) <= (_vector_spacing << 0x5))), function at exception vector 26 too large)

.vector_27      0x9fc01560        0x8
 *(.vector_27)
 .vector_27     0x9fc01560        0x8 c:/program files/microchip/xc32/v2.50/bin/bin/../../lib/gcc/pic32mx/4.8.3/../../../../pic32mx/lib\libpic32.a(vector27.o)
                0x9fc01560                __vector_dispatch_27
                0x00000001                ASSERT (((_vector_spacing == 0x0) || (SIZEOF (.vector_27) <= (_vector_spacing << 0x5))), function at exception vector 27 too large)

.vector_28      0x9fc01580        0x8
 *(.vector_28)
 .vector_28     0x9fc01580        0x8 c:/program files/microchip/xc32/v2.50/bin/bin/../../lib/gcc/pic32mx/4.8.3/../../../../pic32mx/lib\libpic32.a(vector28.o)
                0x9fc01580                __vector_dispatch_28
                0x00000001                ASSERT (((_vector_spacing == 0x0) || (SIZEOF (.vector_28) <= (_vector_spacing << 0x5))), function at exception vector 28 too large)

.vector_29      0x9fc015a0        0x8
 *(.vector_29)
 .vector_29     0x9fc015a0        0x8 c:/program files/microchip/xc32/v2.50/bin/bin/../../lib/gcc/pic32mx/4.8.3/../../../../pic32mx/lib\libpic32.a(vector29.o)
                0x9fc015a0                __vector_dispatch_29
                0x00000001                ASSERT (((_vector_spacing == 0x0) || (SIZEOF (.vector_29) <= (_vector_spacing << 0x5))), function at exception vector 29 too large)

.vector_30      0x9fc015c0        0x8
 *(.vector_30)
 .vector_30     0x9fc015c0        0x8 c:/program files/microchip/xc32/v2.50/bin/bin/../../lib/gcc/pic32mx/4.8.3/../../../../pic32mx/lib\libpic32.a(vector30.o)
                0x9fc015c0                __vector_dispatch_30
                0x00000001                ASSERT (((_vector_spacing == 0x0) || (SIZEOF (.vector_30) <= (_vector_spacing << 0x5))), function at exception vector 30 too large)

.vector_31      0x9fc015e0        0x8
 *(.vector_31)
 .vector_31     0x9fc015e0        0x8 c:/program files/microchip/xc32/v2.50/bin/bin/../../lib/gcc/pic32mx/4.8.3/../../../../pic32mx/lib\libpic32.a(vector31.o)
                0x9fc015e0                __vector_dispatch_31
                0x00000001                ASSERT (((_vector_spacing == 0x0) || (SIZEOF (.vector_31) <= (_vector_spacing << 0x5))), function at exception vector 31 too large)

.vector_32      0x9fc01600        0x8
 *(.vector_32)
 .vector_32     0x9fc01600        0x8 c:/program files/microchip/xc32/v2.50/bin/bin/../../lib/gcc/pic32mx/4.8.3/../../../../pic32mx/lib\libpic32.a(vector32.o)
                0x9fc01600                __vector_dispatch_32
                0x00000001                ASSERT (((_vector_spacing == 0x0) || (SIZEOF (.vector_32) <= (_vector_spacing << 0x5))), function at exception vector 32 too large)

.vector_33      0x9fc01620        0x8
 *(.vector_33)
 .vector_33     0x9fc01620        0x8 c:/program files/microchip/xc32/v2.50/bin/bin/../../lib/gcc/pic32mx/4.8.3/../../../../pic32mx/lib\libpic32.a(vector33.o)
                0x9fc01620                __vector_dispatch_33
                0x00000001                ASSERT (((_vector_spacing == 0x0) || (SIZEOF (.vector_33) <= (_vector_spacing << 0x5))), function at exception vector 33 too large)

.vector_34      0x9fc01640        0x8
 *(.vector_34)
 .vector_34     0x9fc01640        0x8 c:/program files/microchip/xc32/v2.50/bin/bin/../../lib/gcc/pic32mx/4.8.3/../../../../pic32mx/lib\libpic32.a(vector34.o)
                0x9fc01640                __vector_dispatch_34
                0x00000001                ASSERT (((_vector_spacing == 0x0) || (SIZEOF (.vector_34) <= (_vector_spacing << 0x5))), function at exception vector 34 too large)

.vector_35      0x9fc01660        0x8
 *(.vector_35)
 .vector_35     0x9fc01660        0x8 c:/program files/microchip/xc32/v2.50/bin/bin/../../lib/gcc/pic32mx/4.8.3/../../../../pic32mx/lib\libpic32.a(vector35.o)
                0x9fc01660                __vector_dispatch_35
                0x00000001                ASSERT (((_vector_spacing == 0x0) || (SIZEOF (.vector_35) <= (_vector_spacing << 0x5))), function at exception vector 35 too large)

.vector_36      0x9fc01680        0x8
 *(.vector_36)
 .vector_36     0x9fc01680        0x8 c:/program files/microchip/xc32/v2.50/bin/bin/../../lib/gcc/pic32mx/4.8.3/../../../../pic32mx/lib\libpic32.a(vector36.o)
                0x9fc01680                __vector_dispatch_36
                0x00000001                ASSERT (((_vector_spacing == 0x0) || (SIZEOF (.vector_36) <= (_vector_spacing << 0x5))), function at exception vector 36 too large)

.vector_37      0x9fc016a0        0x8
 *(.vector_37)
 .vector_37     0x9fc016a0        0x8 c:/program files/microchip/xc32/v2.50/bin/bin/../../lib/gcc/pic32mx/4.8.3/../../../../pic32mx/lib\libpic32.a(vector37.o)
                0x9fc016a0                __vector_dispatch_37
                0x00000001                ASSERT (((_vector_spacing == 0x0) || (SIZEOF (.vector_37) <= (_vector_spacing << 0x5))), function at exception vector 37 too large)

.vector_38      0x9fc016c0        0x8
 *(.vector_38)
 .vector_38     0x9fc016c0        0x8 c:/program files/microchip/xc32/v2.50/bin/bin/../../lib/gcc/pic32mx/4.8.3/../../../../pic32mx/lib\libpic32.a(vector38.o)
                0x9fc016c0                __vector_dispatch_38
                0x00000001                ASSERT (((_vector_spacing == 0x0) || (SIZEOF (.vector_38) <= (_vector_spacing << 0x5))), function at exception vector 38 too large)

.vector_39      0x9fc016e0        0x8
 *(.vector_39)
 .vector_39     0x9fc016e0        0x8 c:/program files/microchip/xc32/v2.50/bin/bin/../../lib/gcc/pic32mx/4.8.3/../../../../pic32mx/lib\libpic32.a(vector39.o)
                0x9fc016e0                __vector_dispatch_39
                0x00000001                ASSERT (((_vector_spacing == 0x0) || (SIZEOF (.vector_39) <= (_vector_spacing << 0x5))), function at exception vector 39 too large)

.vector_40      0x9fc01700        0x8
 *(.vector_40)
 .vector_40     0x9fc01700        0x8 c:/program files/microchip/xc32/v2.50/bin/bin/../../lib/gcc/pic32mx/4.8.3/../../../../pic32mx/lib\libpic32.a(vector40.o)
                0x9fc01700                __vector_dispatch_40
                0x00000001                ASSERT (((_vector_spacing == 0x0) || (SIZEOF (.vector_40) <= (_vector_spacing << 0x5))), function at exception vector 40 too large)

.vector_41      0x9fc01720        0x8
 *(.vector_41)
 .vector_41     0x9fc01720        0x8 c:/program files/microchip/xc32/v2.50/bin/bin/../../lib/gcc/pic32mx/4.8.3/../../../../pic32mx/lib\libpic32.a(vector41.o)
                0x9fc01720                __vector_dispatch_41
                0x00000001                ASSERT (((_vector_spacing == 0x0) || (SIZEOF (.vector_41) <= (_vector_spacing << 0x5))), function at exception vector 41 too large)

.vector_42      0x9fc01740        0x8
 *(.vector_42)
 .vector_42     0x9fc01740        0x8 c:/program files/microchip/xc32/v2.50/bin/bin/../../lib/gcc/pic32mx/4.8.3/../../../../pic32mx/lib\libpic32.a(vector42.o)
                0x9fc01740                __vector_dispatch_42
                0x00000001                ASSERT (((_vector_spacing == 0x0) || (SIZEOF (.vector_42) <= (_vector_spacing << 0x5))), function at exception vector 42 too large)

.vector_43      0x9fc01760        0x8
 *(.vector_43)
 .vector_43     0x9fc01760        0x8 c:/program files/microchip/xc32/v2.50/bin/bin/../../lib/gcc/pic32mx/4.8.3/../../../../pic32mx/lib\libpic32.a(vector43.o)
                0x9fc01760                __vector_dispatch_43
                0x00000001                ASSERT (((_vector_spacing == 0x0) || (SIZEOF (.vector_43) <= (_vector_spacing << 0x5))), function at exception vector 43 too large)

.vector_44      0x9fc01780        0x8
 *(.vector_44)
 .vector_44     0x9fc01780        0x8 c:/program files/microchip/xc32/v2.50/bin/bin/../../lib/gcc/pic32mx/4.8.3/../../../../pic32mx/lib\libpic32.a(vector44.o)
                0x9fc01780                __vector_dispatch_44
                0x00000001                ASSERT (((_vector_spacing == 0x0) || (SIZEOF (.vector_44) <= (_vector_spacing << 0x5))), function at exception vector 44 too large)

.vector_45      0x9fc017a0        0x8
 *(.vector_45)
 .vector_45     0x9fc017a0        0x8 c:/program files/microchip/xc32/v2.50/bin/bin/../../lib/gcc/pic32mx/4.8.3/../../../../pic32mx/lib\libpic32.a(vector45.o)
                0x9fc017a0                __vector_dispatch_45
                0x00000001                ASSERT (((_vector_spacing == 0x0) || (SIZEOF (.vector_45) <= (_vector_spacing << 0x5))), function at exception vector 45 too large)

.vector_46      0x9fc017c0        0x8
 *(.vector_46)
 .vector_46     0x9fc017c0        0x8 c:/program files/microchip/xc32/v2.50/bin/bin/../../lib/gcc/pic32mx/4.8.3/../../../../pic32mx/lib\libpic32.a(vector46.o)
                0x9fc017c0                __vector_dispatch_46
                0x00000001                ASSERT (((_vector_spacing == 0x0) || (SIZEOF (.vector_46) <= (_vector_spacing << 0x5))), function at exception vector 46 too large)

.vector_47      0x9fc017e0        0x8
 *(.vector_47)
 .vector_47     0x9fc017e0        0x8 c:/program files/microchip/xc32/v2.50/bin/bin/../../lib/gcc/pic32mx/4.8.3/../../../../pic32mx/lib\libpic32.a(vector47.o)
                0x9fc017e0                __vector_dispatch_47
                0x00000001                ASSERT (((_vector_spacing == 0x0) || (SIZEOF (.vector_47) <= (_vector_spacing << 0x5))), function at exception vector 47 too large)

.vector_48      0x9fc01800        0x8
 *(.vector_48)
 .vector_48     0x9fc01800        0x8 c:/program files/microchip/xc32/v2.50/bin/bin/../../lib/gcc/pic32mx/4.8.3/../../../../pic32mx/lib\libpic32.a(vector48.o)
                0x9fc01800                __vector_dispatch_48
                0x00000001                ASSERT (((_vector_spacing == 0x0) || (SIZEOF (.vector_48) <= (_vector_spacing << 0x5))), function at exception vector 48 too large)

.vector_49      0x9fc01820        0x8
 *(.vector_49)
 .vector_49     0x9fc01820        0x8 c:/program files/microchip/xc32/v2.50/bin/bin/../../lib/gcc/pic32mx/4.8.3/../../../../pic32mx/lib\libpic32.a(vector49.o)
                0x9fc01820                __vector_dispatch_49
                0x00000001                ASSERT (((_vector_spacing == 0x0) || (SIZEOF (.vector_49) <= (_vector_spacing << 0x5))), function at exception vector 49 too large)

.vector_50      0x9fc01840        0x8
 *(.vector_50)
 .vector_50     0x9fc01840        0x8 c:/program files/microchip/xc32/v2.50/bin/bin/../../lib/gcc/pic32mx/4.8.3/../../../../pic32mx/lib\libpic32.a(vector50.o)
                0x9fc01840                __vector_dispatch_50
                0x00000001                ASSERT (((_vector_spacing == 0x0) || (SIZEOF (.vector_50) <= (_vector_spacing << 0x5))), function at exception vector 50 too large)

.vector_51      0x9fc01860        0x8
 *(.vector_51)
 .vector_51     0x9fc01860        0x8 c:/program files/microchip/xc32/v2.50/bin/bin/../../lib/gcc/pic32mx/4.8.3/../../../../pic32mx/lib\libpic32.a(vector51.o)
                0x9fc01860                __vector_dispatch_51
                0x00000001                ASSERT (((_vector_spacing == 0x0) || (SIZEOF (.vector_51) <= (_vector_spacing << 0x5))), function at exception vector 51 too large)

.vector_52      0x9fc01880        0x0
 *(.vector_52)
                0x00000001                ASSERT (((_vector_spacing == 0x0) || (SIZEOF (.vector_52) <= (_vector_spacing << 0x5))), function at exception vector 52 too large)

.vector_53      0x9fc018a0        0x0
 *(.vector_53)
                0x00000001                ASSERT (((_vector_spacing == 0x0) || (SIZEOF (.vector_53) <= (_vector_spacing << 0x5))), function at exception vector 53 too large)

.vector_54      0x9fc018c0        0x0
 *(.vector_54)
                0x00000001                ASSERT (((_vector_spacing == 0x0) || (SIZEOF (.vector_54) <= (_vector_spacing << 0x5))), function at exception vector 54 too large)

.vector_55      0x9fc018e0        0x0
 *(.vector_55)
                0x00000001                ASSERT (((_vector_spacing == 0x0) || (SIZEOF (.vector_55) <= (_vector_spacing << 0x5))), function at exception vector 55 too large)

.vector_56      0x9fc01900        0x0
 *(.vector_56)
                0x00000001                ASSERT (((_vector_spacing == 0x0) || (SIZEOF (.vector_56) <= (_vector_spacing << 0x5))), function at exception vector 56 too large)

.vector_57      0x9fc01920        0x0
 *(.vector_57)
                0x00000001                ASSERT (((_vector_spacing == 0x0) || (SIZEOF (.vector_57) <= (_vector_spacing << 0x5))), function at exception vector 57 too large)

.vector_58      0x9fc01940        0x0
 *(.vector_58)
                0x00000001                ASSERT (((_vector_spacing == 0x0) || (SIZEOF (.vector_58) <= (_vector_spacing << 0x5))), function at exception vector 58 too large)

.vector_59      0x9fc01960        0x0
 *(.vector_59)
                0x00000001                ASSERT (((_vector_spacing == 0x0) || (SIZEOF (.vector_59) <= (_vector_spacing << 0x5))), function at exception vector 59 too large)

.vector_60      0x9fc01980        0x0
 *(.vector_60)
                0x00000001                ASSERT (((_vector_spacing == 0x0) || (SIZEOF (.vector_60) <= (_vector_spacing << 0x5))), function at exception vector 60 too large)

.vector_61      0x9fc019a0        0x0
 *(.vector_61)
                0x00000001                ASSERT (((_vector_spacing == 0x0) || (SIZEOF (.vector_61) <= (_vector_spacing << 0x5))), function at exception vector 61 too large)

.vector_62      0x9fc019c0        0x0
 *(.vector_62)
                0x00000001                ASSERT (((_vector_spacing == 0x0) || (SIZEOF (.vector_62) <= (_vector_spacing << 0x5))), function at exception vector 62 too large)

.vector_63      0x9fc019e0        0x0
 *(.vector_63)
                0x00000001                ASSERT (((_vector_spacing == 0x0) || (SIZEOF (.vector_63) <= (_vector_spacing << 0x5))), function at exception vector 63 too large)

.startup
 *(.startup)

.text           0x9d000000        0x0
 *(.stub .gnu.linkonce.t.*)
 *(.text.*personality*)
 *(.mips16.fn.*)
 *(.mips16.call.*)
 *(.gnu.warning)
                0x9d000000                . = ALIGN (0x4)

.init           0x9d000000        0x0
 *crti.o(.init)
 *crtbegin.o(.init)
 *(EXCLUDE_FILE(*crtn.o *crtend?.o *crtend.o) .init)
 *crtend.o(.init)
 *crtn.o(.init)
                0x9d000000                . = ALIGN (0x4)

.fini           0x9d000000        0x0
 *(.fini)
                0x9d000000                . = ALIGN (0x4)

.preinit_array  0x9d000000        0x0
                0x9d000000                PROVIDE (__preinit_array_start, .)
 *(.preinit_array)
                0x9d000000                PROVIDE (__preinit_array_end, .)
                0x9d000000                . = ALIGN (0x4)

.init_array     0x9d000000        0x0
                0x9d000000                PROVIDE (__init_array_start, .)
 *(SORT(.init_array.*))
 *(.init_array)
                0x9d000000                PROVIDE (__init_array_end, .)
                0x9d000000                . = ALIGN (0x4)

.fini_array     0x9d000000        0x0
                0x9d000000                PROVIDE (__fini_array_start, .)
 *(SORT(.fini_array.*))
 *(.fini_array)
                0x9d000000                PROVIDE (__fini_array_end, .)
                0x9d000000                . = ALIGN (0x4)

.ctors          0x9d000000        0x0
 *crtbegin.o(.ctors)
 *crtbegin?.o(.ctors)
 *(EXCLUDE_FILE(*crtend?.o *crtend.o) .ctors)
 *(SORT(.ctors.*))
 *(.ctors)
                0x9d000000                . = ALIGN (0x4)

.dtors          0x9d000000        0x0
 *crtbegin.o(.dtors)
 *crtbegin?.o(.dtors)
 *(EXCLUDE_FILE(*crtend?.o *crtend.o) .dtors)
 *(SORT(.dtors.*))
 *(.dtors)
                0x9d000000                . = ALIGN (0x4)

.rodata         0x9d000000        0x0
 *(.gnu.linkonce.r.*)
 *(.rodata1)
                0x9d000000                . = ALIGN (0x4)

.sdata2         0x9fc00490        0x0
 *(.sdata2 .sdata2.* .gnu.linkonce.s2.*)
                0x9fc00490                . = ALIGN (0x4)

.sbss2          0x9fc00490        0x0
 *(.sbss2 .sbss2.* .gnu.linkonce.sb2.*)
                0x9fc00490                . = ALIGN (0x4)

.eh_frame_hdr
 *(.eh_frame_hdr)
                0x9fc00490                . = ALIGN (0x4)

.eh_frame
 *(.eh_frame)
                0x9fc00490                . = ALIGN (0x4)

.gcc_except_table
 *(.gcc_except_table .gcc_except_table.*)
                0x9fc00490                . = ALIGN (0x4)

.dbg_data       0xa0000000        0x0
                0xa0000000                . = (. + DEFINED (_DEBUGGER)?0x200:0x0)

.jcr            0xa0000000        0x0
 *(.jcr)
                0xa0000000                . = ALIGN (0x4)

.eh_frame
 *(.eh_frame)
                0xa0000000                . = ALIGN (0x4)

.gcc_except_table
 *(.gcc_except_table .gcc_except_table.*)
                0xa0000000                . = ALIGN (0x4)

.persist        0xa0000000        0x0
                0xa0000000                _persist_begin = .
 *(.persist .persist.*)
 *(.pbss .pbss.*)
                0xa0000000                . = ALIGN (0x4)
                0xa0000000                _persist_end = .

.data           0xa0000000        0x0
 *(.gnu.linkonce.d.*)
 *(.data1)
                0xa0000000                . = ALIGN (0x4)
                0xa0000000                . = .
                0xa0007ff0                _gp = (ALIGN (0x10) + 0x7ff0)

.got            0xa0000000        0x0
 *(.got.plt)
 *(.got)
                0xa0000000                . = ALIGN (0x4)

.sdata          0xa0000000        0xc
                0xa0000000                _sdata_begin = .
 *(.sdata .sdata.* .gnu.linkonce.s.*)
 .sdata         0xa0000000        0x1 build/default/production/_ext/1360937237/app.o
 *fill*         0xa0000001        0x3 
 .sdata         0xa0000004        0x8 build/default/production/_ext/598511097/diskio.o
                0xa0000004                gDiskCommandStatus
                0xa0000008                gDiskCommandHandle
                0xa000000c                . = ALIGN (0x4)
                0xa000000c                _sdata_end = .

.lit8
 *(.lit8)

.lit4
 *(.lit4)
                0xa000000c                . = ALIGN (0x4)
                0xa000000c                _data_end = .
                0xa000000c                _bss_begin = .

.sbss           0xa000000c       0x78
                0xa000000c                _sbss_begin = .
 *(.dynsbss)
 *(.sbss .sbss.* .gnu.linkonce.sb.*)
 .sbss          0xa000000c        0x4 build/default/production/_ext/1407244131/drv_tmr_static.o
 .sbss          0xa0000010        0x4 build/default/production/_ext/1360937237/Driver_SR_SN74HCS596QPWRQ1.o
 .sbss          0xa0000014        0x2 build/default/production/_ext/1360937237/mcp79411.o
 .sbss          0xa0000016        0x2 build/default/production/_ext/1360937237/app.o
 .sbss          0xa0000018        0x6 build/default/production/_ext/1856604796/drv_sdcard.o
                0xa0000018                gDrvSDCARDInitCount
                0xa000001a                gDrvSDCARDBufferToken
                0xa000001c                resetTimeout
 .sbss          0xa000001e        0x1 build/default/production/_ext/1535967397/drv_spi.o
 *fill*         0xa000001f        0x1 
 .sbss          0xa0000020        0x8 build/default/production/_ext/2143635134/ff.o
 .sbss          0xa0000028        0xc build/default/production/_ext/1688732426/system_exceptions.o
 *(.scommon)
 .scommon       0xa0000034        0x8 build/default/production/_ext/1360937237/Mc32_I2cUtilCCS.o
                0xa0000034                I2cConReg
                0xa0000038                I2cBrg
 .scommon       0xa000003c        0x0 build/default/production/_ext/1360937237/SDCard_sm.o
                0xa000003c                SD_data
 .scommon       0xa000003c       0x15 build/default/production/_ext/1360937237/app.o
                0xa000003c                s_dataSensor
                0xa0000044                s_newDataSensor
                0xa000004c                s_getDataSensor
 *fill*         0xa0000051        0x3 
 .scommon       0xa0000054        0x9 build/default/production/_ext/1856604796/drv_sdcard.o
                0xa0000054                gDrvSDCARDQueueObj
                0xa000005c                gDrvSDCARDClientMutex
 *fill*         0xa000005d        0x3 
 .scommon       0xa0000060       0x18 build/default/production/_ext/1189039745/sys_fs.o
                0xa0000060                gSYSFSObj
                0xa0000068                gSysFsMutex
                0xa000006c                errorValue
                0xa0000070                gSYSFSCurrentMountPoint
 .scommon       0xa0000078        0x2 build/default/production/_ext/1189039745/sys_fs_media_manager.o
                0xa0000078                VolToPart
 *fill*         0xa000007a        0x2 
 .scommon       0xa000007c        0x8 build/default/production/_ext/340578644/sys_devcon.o
                0xa000007c                sysDevconObj
                0xa0000084                _sbss_end = .
                0xa0000084                . = ALIGN (0x4)

.bss            0xa0000090      0x408
 *(.dynbss)
 *(COMMON)
 COMMON         0xa0000090       0x48 build/default/production/_ext/1360937237/app.o
                0xa0000090                appData
 COMMON         0xa00000d8      0x224 build/default/production/_ext/1856604796/drv_sdcard.o
                0xa00000d8                gDrvSDCARDTransferObj
                0xa0000218                gDrvSDCARDClientObj
                0xa000022c                gDrvSDCARDObj
 *fill*         0xa00002fc        0x4 
 COMMON         0xa0000300      0x134 build/default/production/_ext/1189039745/sys_fs.o
                0xa0000300                gSYSFSFileObj
                0xa0000410                gSYSFSDirObj
                0xa0000420                gSYSFSMountPoint
 COMMON         0xa0000434       0x48 build/default/production/_ext/1189039745/sys_fs_media_manager.o
                0xa0000434                gSYSFSVolumeObject
                0xa0000450                gSYSFSMediaObject
 COMMON         0xa000047c       0x1c build/default/production/_ext/1688732426/system_init.o
                0xa000047c                sysObj
                0xa0000498                . = ALIGN ((. != 0x0)?0x4:0x1)
                0xa0000498                . = ALIGN (0x4)
                0xa0000498                _end = .
                0xa0000498                _bss_end = .
                0x00020000                _bmxdudba_address = 0x20000
                0x00020000                _bmxdupba_address = 0x20000

/DISCARD/
 *(.pdr)
 *(.rel.dyn)
 *(.note.GNU-stack)
 *(.note.GNU-stack)
 *(.gnu_debuglink)
 *(.gnu.lto_*)
 *(.discard)

.gptab.sdata
 *(.gptab.data)
 *(.gptab.sdata)

.gptab.sbss
 *(.gptab.bss)
 *(.gptab.sbss)

.mdebug.abi32   0xa0000498        0x0
 *(.mdebug.abi32)
 .mdebug.abi32  0xa0000498        0x0 build/default/production/_ext/1361460060/drv_adc_static.o
 .mdebug.abi32  0xa0000498        0x0 build/default/production/_ext/1407244131/drv_tmr_static.o
 .mdebug.abi32  0xa0000498        0x0 build/default/production/_ext/1407244131/drv_tmr_mapping.o
 .mdebug.abi32  0xa0000498        0x0 build/default/production/_ext/1896729784/Mc32DriverAdc.o
 .mdebug.abi32  0xa0000498        0x0 build/default/production/_ext/1360937237/Driver_SR_SN74HCS596QPWRQ1.o
 .mdebug.abi32  0xa0000498        0x0 build/default/production/_ext/1360937237/PIC32130_AT42QT2120_I2C.o
 .mdebug.abi32  0xa0000498        0x0 build/default/production/_ext/1360937237/Mc32_I2cUtilCCS.o
 .mdebug.abi32  0xa0000498        0x0 build/default/production/_ext/1360937237/mcp79411.o
 .mdebug.abi32  0xa0000498        0x0 build/default/production/_ext/1360937237/Mc32gestI2cSeeprom.o
 .mdebug.abi32  0xa0000498        0x0 build/default/production/_ext/1360937237/SDCard_sm.o
 .mdebug.abi32  0xa0000498        0x0 build/default/production/_ext/1360937237/main.o
 .mdebug.abi32  0xa0000498        0x0 build/default/production/_ext/1360937237/app.o
 .mdebug.abi32  0xa0000498        0x0 build/default/production/_ext/1856604796/drv_sdcard.o
 .mdebug.abi32  0xa0000498        0x0 build/default/production/_ext/1535967397/drv_spi.o
 .mdebug.abi32  0xa0000498        0x0 build/default/production/_ext/368788181/drv_spi_sys_queue_fifo.o
 .mdebug.abi32  0xa0000498        0x0 build/default/production/_ext/1189039745/sys_fs.o
 .mdebug.abi32  0xa0000498        0x0 build/default/production/_ext/1189039745/sys_fs_media_manager.o
 .mdebug.abi32  0xa0000498        0x0 build/default/production/_ext/2143635134/ff.o
 .mdebug.abi32  0xa0000498        0x0 build/default/production/_ext/598511097/diskio.o
 .mdebug.abi32  0xa0000498        0x0 build/default/production/_ext/711155467/sys_int_pic32.o
 .mdebug.abi32  0xa0000498        0x0 build/default/production/_ext/430974239/sys_tmr.o
 .mdebug.abi32  0xa0000498        0x0 build/default/production/_ext/977502197/drv_spi_tasks.o
 .mdebug.abi32  0xa0000498        0x0 build/default/production/_ext/977502197/drv_spi_api.o
 .mdebug.abi32  0xa0000498        0x0 build/default/production/_ext/977502197/drv_spi_master_ebm_tasks.o
 .mdebug.abi32  0xa0000498        0x0 build/default/production/_ext/639803181/sys_clk_pic32mx.o
 .mdebug.abi32  0xa0000498        0x0 build/default/production/_ext/340578644/sys_devcon.o
 .mdebug.abi32  0xa0000498        0x0 build/default/production/_ext/340578644/sys_devcon_pic32mx.o
 .mdebug.abi32  0xa0000498        0x0 build/default/production/_ext/822048611/sys_ports_static.o
 .mdebug.abi32  0xa0000498        0x0 build/default/production/_ext/1688732426/system_init.o
 .mdebug.abi32  0xa0000498        0x0 build/default/production/_ext/1688732426/system_interrupt.o
 .mdebug.abi32  0xa0000498        0x0 build/default/production/_ext/1688732426/system_exceptions.o
 .mdebug.abi32  0xa0000498        0x0 build/default/production/_ext/1688732426/system_tasks.o
 .mdebug.abi32  0xa0000498        0x0 ..\..\..\..\..\..\bin\framework\peripheral\PIC32MX795F512L_peripherals.a(peripheral.o)
 .mdebug.abi32  0xa0000498        0x0 c:/program files/microchip/xc32/v2.50/bin/bin/../../lib/gcc/pic32mx/4.8.3\libgcc.a(_udivdi3.o)
 .mdebug.abi32  0xa0000498        0x0 c:/program files/microchip/xc32/v2.50/bin/bin/../../lib/gcc/pic32mx/4.8.3/../../../../pic32mx/lib\libpic32.a(default-bootstrap-exception-handler.o)
 .mdebug.abi32  0xa0000498        0x0 c:/program files/microchip/xc32/v2.50/bin/bin/../../lib/gcc/pic32mx/4.8.3/../../../../pic32mx/lib\libpic32.a(default-on-reset.o)
 .mdebug.abi32  0xa0000498        0x0 c:/program files/microchip/xc32/v2.50/bin/bin/../../lib/gcc/pic32mx/4.8.3/../../../../pic32mx/lib\libpic32.a(default-on-bootstrap.o)
 .mdebug.abi32  0xa0000498        0x0 c:/program files/microchip/xc32/v2.50/bin/bin/../../lib/gcc/pic32mx/4.8.3/../../../../pic32mx/lib\libpic32.a(defaultinterrupt.o)
 .mdebug.abi32  0xa0000498        0x0 c:/program files/microchip/xc32/v2.50/bin/bin/../../lib/gcc/pic32mx/4.8.3/../../../../pic32mx/lib\libc.a(strncmp.o)
 .mdebug.abi32  0xa0000498        0x0 c:/program files/microchip/xc32/v2.50/bin/bin/../../lib/gcc/pic32mx/4.8.3/../../../../pic32mx/lib\libc.a(strncpy.o)

.mdebug.abiN32
 *(.mdebug.abiN32)

.mdebug.abi64
 *(.mdebug.abi64)

.mdebug.abiO64
 *(.mdebug.abiO64)

.mdebug.eabi32
 *(.mdebug.eabi32)

.mdebug.eabi64
 *(.mdebug.eabi64)

.gcc_compiled_long32
 *(.gcc_compiled_long32)

.gcc_compiled_long64
 *(.gcc_compiled_long64)

.stab
 *(.stab)

.stabstr
 *(.stabstr)

.stab.excl
 *(.stab.excl)

.stab.exclstr
 *(.stab.exclstr)

.stab.index
 *(.stab.index)

.stab.indexstr
 *(.stab.indexstr)

.comment        0x00000000       0xc1
 *(.comment)
 .comment       0x00000000       0x3c build/default/production/_ext/1361460060/drv_adc_static.o
                                 0x3d (size before relaxing)
 .comment       0x00000000       0x3d build/default/production/_ext/1407244131/drv_tmr_static.o
 .comment       0x00000000       0x3d build/default/production/_ext/1407244131/drv_tmr_mapping.o
 .comment       0x00000000       0x3d build/default/production/_ext/1896729784/Mc32DriverAdc.o
 .comment       0x00000000       0x3d build/default/production/_ext/1360937237/Driver_SR_SN74HCS596QPWRQ1.o
 .comment       0x00000000       0x3d build/default/production/_ext/1360937237/PIC32130_AT42QT2120_I2C.o
 .comment       0x00000000       0x3d build/default/production/_ext/1360937237/Mc32_I2cUtilCCS.o
 .comment       0x00000000       0x3d build/default/production/_ext/1360937237/mcp79411.o
 .comment       0x00000000       0x3d build/default/production/_ext/1360937237/Mc32gestI2cSeeprom.o
 .comment       0x00000000       0x3d build/default/production/_ext/1360937237/SDCard_sm.o
 .comment       0x00000000       0x3d build/default/production/_ext/1360937237/main.o
 .comment       0x00000000       0x3d build/default/production/_ext/1360937237/app.o
 .comment       0x00000000       0x3d build/default/production/_ext/1856604796/drv_sdcard.o
 .comment       0x00000000       0x3d build/default/production/_ext/1535967397/drv_spi.o
 .comment       0x00000000       0x3d build/default/production/_ext/368788181/drv_spi_sys_queue_fifo.o
 .comment       0x00000000       0x3d build/default/production/_ext/1189039745/sys_fs.o
 .comment       0x00000000       0x3d build/default/production/_ext/1189039745/sys_fs_media_manager.o
 .comment       0x00000000       0x3d build/default/production/_ext/2143635134/ff.o
 .comment       0x00000000       0x3d build/default/production/_ext/598511097/diskio.o
 .comment       0x00000000       0x3d build/default/production/_ext/711155467/sys_int_pic32.o
 .comment       0x00000000       0x3d build/default/production/_ext/430974239/sys_tmr.o
 .comment       0x00000000       0x3d build/default/production/_ext/977502197/drv_spi_tasks.o
 .comment       0x00000000       0x3d build/default/production/_ext/977502197/drv_spi_api.o
 .comment       0x00000000       0x3d build/default/production/_ext/977502197/drv_spi_master_ebm_tasks.o
 .comment       0x00000000       0x3d build/default/production/_ext/639803181/sys_clk_pic32mx.o
 .comment       0x00000000       0x3d build/default/production/_ext/340578644/sys_devcon.o
 .comment       0x00000000       0x3d build/default/production/_ext/340578644/sys_devcon_pic32mx.o
 .comment       0x00000000       0x3d build/default/production/_ext/822048611/sys_ports_static.o
 .comment       0x00000000       0x3d build/default/production/_ext/1688732426/system_init.o
 .comment       0x00000000       0x3d build/default/production/_ext/1688732426/system_interrupt.o
 .comment       0x00000000       0x3d build/default/production/_ext/1688732426/system_exceptions.o
 .comment       0x00000000       0x3d build/default/production/_ext/1688732426/system_tasks.o
 .comment       0x0000003c       0x3c ..\..\..\..\..\..\bin\framework\peripheral\PIC32MX795F512L_peripherals.a(peripheral.o)
                                 0x3d (size before relaxing)
 .comment       0x00000000       0x3d c:/program files/microchip/xc32/v2.50/bin/bin/../../lib/gcc/pic32mx/4.8.3\libgcc.a(_udivdi3.o)
 .comment       0x00000078       0x18 c:/program files/microchip/xc32/v2.50/bin/bin/../../lib/gcc/pic32mx/4.8.3/../../../../pic32mx/lib\libpic32.a(memcmp.o)
                                 0x19 (size before relaxing)
 .comment       0x00000090       0x18 c:/program files/microchip/xc32/v2.50/bin/bin/../../lib/gcc/pic32mx/4.8.3/../../../../pic32mx/lib\libpic32.a(memset.o)
                                 0x19 (size before relaxing)
 .comment       0x000000a8       0x19 c:/program files/microchip/xc32/v2.50/bin/bin/../../lib/gcc/pic32mx/4.8.3/../../../../pic32mx/lib\libpic32.a(strlen.o)
                                 0x1a (size before relaxing)
 .comment       0x00000000       0x3d c:/program files/microchip/xc32/v2.50/bin/bin/../../lib/gcc/pic32mx/4.8.3/../../../../pic32mx/lib\libpic32.a(default-bootstrap-exception-handler.o)
 .comment       0x00000000       0x3d c:/program files/microchip/xc32/v2.50/bin/bin/../../lib/gcc/pic32mx/4.8.3/../../../../pic32mx/lib\libpic32.a(default-on-reset.o)
 .comment       0x00000000       0x3d c:/program files/microchip/xc32/v2.50/bin/bin/../../lib/gcc/pic32mx/4.8.3/../../../../pic32mx/lib\libpic32.a(default-on-bootstrap.o)
 .comment       0x00000000       0x3d c:/program files/microchip/xc32/v2.50/bin/bin/../../lib/gcc/pic32mx/4.8.3/../../../../pic32mx/lib\libpic32.a(defaultinterrupt.o)
 .comment       0x00000000       0x3d c:/program files/microchip/xc32/v2.50/bin/bin/../../lib/gcc/pic32mx/4.8.3/../../../../pic32mx/lib\libc.a(strncmp.o)
 .comment       0x00000000       0x3d c:/program files/microchip/xc32/v2.50/bin/bin/../../lib/gcc/pic32mx/4.8.3/../../../../pic32mx/lib\libc.a(strncpy.o)

.debug
 *(.debug)

.line
 *(.line)

.debug_srcinfo
 *(.debug_srcinfo)

.debug_sfnames
 *(.debug_sfnames)

.debug_aranges  0x00000000     0x1350
 *(.debug_aranges)
 .debug_aranges
                0x00000000       0x78 build/default/production/_ext/1361460060/drv_adc_static.o
 .debug_aranges
                0x00000078      0x248 build/default/production/_ext/1407244131/drv_tmr_static.o
 .debug_aranges
                0x000002c0      0x188 build/default/production/_ext/1407244131/drv_tmr_mapping.o
 .debug_aranges
                0x00000448       0x28 build/default/production/_ext/1896729784/Mc32DriverAdc.o
 .debug_aranges
                0x00000470       0x38 build/default/production/_ext/1360937237/Driver_SR_SN74HCS596QPWRQ1.o
 .debug_aranges
                0x000004a8       0x48 build/default/production/_ext/1360937237/PIC32130_AT42QT2120_I2C.o
 .debug_aranges
                0x000004f0       0x48 build/default/production/_ext/1360937237/Mc32_I2cUtilCCS.o
 .debug_aranges
                0x00000538       0x70 build/default/production/_ext/1360937237/mcp79411.o
 .debug_aranges
                0x000005a8       0x30 build/default/production/_ext/1360937237/Mc32gestI2cSeeprom.o
 .debug_aranges
                0x000005d8       0x20 build/default/production/_ext/1360937237/SDCard_sm.o
 .debug_aranges
                0x000005f8       0x20 build/default/production/_ext/1360937237/main.o
 .debug_aranges
                0x00000618       0x50 build/default/production/_ext/1360937237/app.o
 .debug_aranges
                0x00000668      0x100 build/default/production/_ext/1856604796/drv_sdcard.o
 .debug_aranges
                0x00000768       0xb0 build/default/production/_ext/1535967397/drv_spi.o
 .debug_aranges
                0x00000818       0xe8 build/default/production/_ext/368788181/drv_spi_sys_queue_fifo.o
 .debug_aranges
                0x00000900      0x178 build/default/production/_ext/1189039745/sys_fs.o
 .debug_aranges
                0x00000a78       0xb8 build/default/production/_ext/1189039745/sys_fs_media_manager.o
 .debug_aranges
                0x00000b30      0x270 build/default/production/_ext/2143635134/ff.o
 .debug_aranges
                0x00000da0       0x50 build/default/production/_ext/598511097/diskio.o
 .debug_aranges
                0x00000df0       0x48 build/default/production/_ext/711155467/sys_int_pic32.o
 .debug_aranges
                0x00000e38       0xf8 build/default/production/_ext/430974239/sys_tmr.o
 .debug_aranges
                0x00000f30       0x20 build/default/production/_ext/977502197/drv_spi_tasks.o
 .debug_aranges
                0x00000f50       0x28 build/default/production/_ext/977502197/drv_spi_api.o
 .debug_aranges
                0x00000f78       0x28 build/default/production/_ext/977502197/drv_spi_master_ebm_tasks.o
 .debug_aranges
                0x00000fa0       0x50 build/default/production/_ext/639803181/sys_clk_pic32mx.o
 .debug_aranges
                0x00000ff0       0x78 build/default/production/_ext/340578644/sys_devcon.o
 .debug_aranges
                0x00001068       0x20 build/default/production/_ext/340578644/sys_devcon_pic32mx.o
 .debug_aranges
                0x00001088      0x148 build/default/production/_ext/822048611/sys_ports_static.o
 .debug_aranges
                0x000011d0       0x20 build/default/production/_ext/1688732426/system_init.o
 .debug_aranges
                0x000011f0       0x40 build/default/production/_ext/1688732426/system_interrupt.o
 .debug_aranges
                0x00001230       0x20 build/default/production/_ext/1688732426/system_exceptions.o
 .debug_aranges
                0x00001250       0x20 build/default/production/_ext/1688732426/system_tasks.o
 .debug_aranges
                0x00001270       0x20 c:/program files/microchip/xc32/v2.50/bin/bin/../../lib/gcc/pic32mx/4.8.3\libgcc.a(_udivdi3.o)
 .debug_aranges
                0x00001290       0x20 c:/program files/microchip/xc32/v2.50/bin/bin/../../lib/gcc/pic32mx/4.8.3/../../../../pic32mx/lib\libpic32.a(default-bootstrap-exception-handler.o)
 .debug_aranges
                0x000012b0       0x20 c:/program files/microchip/xc32/v2.50/bin/bin/../../lib/gcc/pic32mx/4.8.3/../../../../pic32mx/lib\libpic32.a(default-on-reset.o)
 .debug_aranges
                0x000012d0       0x20 c:/program files/microchip/xc32/v2.50/bin/bin/../../lib/gcc/pic32mx/4.8.3/../../../../pic32mx/lib\libpic32.a(default-on-bootstrap.o)
 .debug_aranges
                0x000012f0       0x20 c:/program files/microchip/xc32/v2.50/bin/bin/../../lib/gcc/pic32mx/4.8.3/../../../../pic32mx/lib\libpic32.a(defaultinterrupt.o)
 .debug_aranges
                0x00001310       0x20 c:/program files/microchip/xc32/v2.50/bin/bin/../../lib/gcc/pic32mx/4.8.3/../../../../pic32mx/lib\libc.a(strncmp.o)
 .debug_aranges
                0x00001330       0x20 c:/program files/microchip/xc32/v2.50/bin/bin/../../lib/gcc/pic32mx/4.8.3/../../../../pic32mx/lib\libc.a(strncpy.o)

.debug_pubnames
 *(.debug_pubnames)

.debug_info     0x00000000    0x357ac
 *(.debug_info .gnu.linkonce.wi.*)
 .debug_info    0x00000000      0xe5e build/default/production/_ext/1361460060/drv_adc_static.o
 .debug_info    0x00000e5e     0x2c65 build/default/production/_ext/1407244131/drv_tmr_static.o
 .debug_info    0x00003ac3     0x1848 build/default/production/_ext/1407244131/drv_tmr_mapping.o
 .debug_info    0x0000530b      0x8e5 build/default/production/_ext/1896729784/Mc32DriverAdc.o
 .debug_info    0x00005bf0      0xe86 build/default/production/_ext/1360937237/Driver_SR_SN74HCS596QPWRQ1.o
 .debug_info    0x00006a76      0xae2 build/default/production/_ext/1360937237/PIC32130_AT42QT2120_I2C.o
 .debug_info    0x00007558     0x14c2 build/default/production/_ext/1360937237/Mc32_I2cUtilCCS.o
 .debug_info    0x00008a1a     0x1bad build/default/production/_ext/1360937237/mcp79411.o
 .debug_info    0x0000a5c7      0x2b9 build/default/production/_ext/1360937237/Mc32gestI2cSeeprom.o
 .debug_info    0x0000a880      0x1f9 build/default/production/_ext/1360937237/SDCard_sm.o
 .debug_info    0x0000aa79      0x17e build/default/production/_ext/1360937237/main.o
 .debug_info    0x0000abf7     0x1b74 build/default/production/_ext/1360937237/app.o
 .debug_info    0x0000c76b     0x4bda build/default/production/_ext/1856604796/drv_sdcard.o
 .debug_info    0x00011345     0x383b build/default/production/_ext/1535967397/drv_spi.o
 .debug_info    0x00014b80     0x1a01 build/default/production/_ext/368788181/drv_spi_sys_queue_fifo.o
 .debug_info    0x00016581     0x3714 build/default/production/_ext/1189039745/sys_fs.o
 .debug_info    0x00019c95     0x1d7f build/default/production/_ext/1189039745/sys_fs_media_manager.o
 .debug_info    0x0001ba14     0x38b5 build/default/production/_ext/2143635134/ff.o
 .debug_info    0x0001f2c9      0xb6f build/default/production/_ext/598511097/diskio.o
 .debug_info    0x0001fe38     0x1046 build/default/production/_ext/711155467/sys_int_pic32.o
 .debug_info    0x00020e7e     0x2230 build/default/production/_ext/430974239/sys_tmr.o
 .debug_info    0x000230ae     0x2111 build/default/production/_ext/977502197/drv_spi_tasks.o
 .debug_info    0x000251bf     0x283d build/default/production/_ext/977502197/drv_spi_api.o
 .debug_info    0x000279fc     0x1fe8 build/default/production/_ext/977502197/drv_spi_master_ebm_tasks.o
 .debug_info    0x000299e4     0x1011 build/default/production/_ext/639803181/sys_clk_pic32mx.o
 .debug_info    0x0002a9f5      0xfa4 build/default/production/_ext/340578644/sys_devcon.o
 .debug_info    0x0002b999      0x9ec build/default/production/_ext/340578644/sys_devcon_pic32mx.o
 .debug_info    0x0002c385     0x1a46 build/default/production/_ext/822048611/sys_ports_static.o
 .debug_info    0x0002ddcb     0x3bbf build/default/production/_ext/1688732426/system_init.o
 .debug_info    0x0003198a     0x14b7 build/default/production/_ext/1688732426/system_interrupt.o
 .debug_info    0x00032e41     0x12e4 build/default/production/_ext/1688732426/system_exceptions.o
 .debug_info    0x00034125      0xa33 build/default/production/_ext/1688732426/system_tasks.o
 .debug_info    0x00034b58      0x74b c:/program files/microchip/xc32/v2.50/bin/bin/../../lib/gcc/pic32mx/4.8.3\libgcc.a(_udivdi3.o)
 .debug_info    0x000352a3       0xf4 c:/program files/microchip/xc32/v2.50/bin/bin/../../lib/gcc/pic32mx/4.8.3/../../../../pic32mx/lib\libpic32.a(default-bootstrap-exception-handler.o)
 .debug_info    0x00035397       0xcd c:/program files/microchip/xc32/v2.50/bin/bin/../../lib/gcc/pic32mx/4.8.3/../../../../pic32mx/lib\libpic32.a(default-on-reset.o)
 .debug_info    0x00035464       0xd5 c:/program files/microchip/xc32/v2.50/bin/bin/../../lib/gcc/pic32mx/4.8.3/../../../../pic32mx/lib\libpic32.a(default-on-bootstrap.o)
 .debug_info    0x00035539       0xe7 c:/program files/microchip/xc32/v2.50/bin/bin/../../lib/gcc/pic32mx/4.8.3/../../../../pic32mx/lib\libpic32.a(defaultinterrupt.o)
 .debug_info    0x00035620       0xc6 c:/program files/microchip/xc32/v2.50/bin/bin/../../lib/gcc/pic32mx/4.8.3/../../../../pic32mx/lib\libc.a(strncmp.o)
 .debug_info    0x000356e6       0xc6 c:/program files/microchip/xc32/v2.50/bin/bin/../../lib/gcc/pic32mx/4.8.3/../../../../pic32mx/lib\libc.a(strncpy.o)

.debug_abbrev   0x00000000     0x3a7a
 *(.debug_abbrev)
 .debug_abbrev  0x00000000       0xf3 build/default/production/_ext/1361460060/drv_adc_static.o
 .debug_abbrev  0x000000f3      0x2f7 build/default/production/_ext/1407244131/drv_tmr_static.o
 .debug_abbrev  0x000003ea      0x243 build/default/production/_ext/1407244131/drv_tmr_mapping.o
 .debug_abbrev  0x0000062d       0x9f build/default/production/_ext/1896729784/Mc32DriverAdc.o
 .debug_abbrev  0x000006cc      0x191 build/default/production/_ext/1360937237/Driver_SR_SN74HCS596QPWRQ1.o
 .debug_abbrev  0x0000085d      0x118 build/default/production/_ext/1360937237/PIC32130_AT42QT2120_I2C.o
 .debug_abbrev  0x00000975      0x13d build/default/production/_ext/1360937237/Mc32_I2cUtilCCS.o
 .debug_abbrev  0x00000ab2      0x228 build/default/production/_ext/1360937237/mcp79411.o
 .debug_abbrev  0x00000cda       0xb5 build/default/production/_ext/1360937237/Mc32gestI2cSeeprom.o
 .debug_abbrev  0x00000d8f       0x77 build/default/production/_ext/1360937237/SDCard_sm.o
 .debug_abbrev  0x00000e06       0x3b build/default/production/_ext/1360937237/main.o
 .debug_abbrev  0x00000e41      0x1d7 build/default/production/_ext/1360937237/app.o
 .debug_abbrev  0x00001018      0x30e build/default/production/_ext/1856604796/drv_sdcard.o
 .debug_abbrev  0x00001326      0x372 build/default/production/_ext/1535967397/drv_spi.o
 .debug_abbrev  0x00001698      0x28d build/default/production/_ext/368788181/drv_spi_sys_queue_fifo.o
 .debug_abbrev  0x00001925      0x34b build/default/production/_ext/1189039745/sys_fs.o
 .debug_abbrev  0x00001c70      0x304 build/default/production/_ext/1189039745/sys_fs_media_manager.o
 .debug_abbrev  0x00001f74      0x267 build/default/production/_ext/2143635134/ff.o
 .debug_abbrev  0x000021db      0x199 build/default/production/_ext/598511097/diskio.o
 .debug_abbrev  0x00002374      0x173 build/default/production/_ext/711155467/sys_int_pic32.o
 .debug_abbrev  0x000024e7      0x3b0 build/default/production/_ext/430974239/sys_tmr.o
 .debug_abbrev  0x00002897      0x175 build/default/production/_ext/977502197/drv_spi_tasks.o
 .debug_abbrev  0x00002a0c      0x1be build/default/production/_ext/977502197/drv_spi_api.o
 .debug_abbrev  0x00002bca      0x16a build/default/production/_ext/977502197/drv_spi_master_ebm_tasks.o
 .debug_abbrev  0x00002d34      0x188 build/default/production/_ext/639803181/sys_clk_pic32mx.o
 .debug_abbrev  0x00002ebc      0x20e build/default/production/_ext/340578644/sys_devcon.o
 .debug_abbrev  0x000030ca      0x129 build/default/production/_ext/340578644/sys_devcon_pic32mx.o
 .debug_abbrev  0x000031f3      0x1c5 build/default/production/_ext/822048611/sys_ports_static.o
 .debug_abbrev  0x000033b8      0x1be build/default/production/_ext/1688732426/system_init.o
 .debug_abbrev  0x00003576       0xf8 build/default/production/_ext/1688732426/system_interrupt.o
 .debug_abbrev  0x0000366e      0x102 build/default/production/_ext/1688732426/system_exceptions.o
 .debug_abbrev  0x00003770       0xe2 build/default/production/_ext/1688732426/system_tasks.o
 .debug_abbrev  0x00003852      0x138 c:/program files/microchip/xc32/v2.50/bin/bin/../../lib/gcc/pic32mx/4.8.3\libgcc.a(_udivdi3.o)
 .debug_abbrev  0x0000398a       0x28 c:/program files/microchip/xc32/v2.50/bin/bin/../../lib/gcc/pic32mx/4.8.3/../../../../pic32mx/lib\libpic32.a(default-bootstrap-exception-handler.o)
 .debug_abbrev  0x000039b2       0x28 c:/program files/microchip/xc32/v2.50/bin/bin/../../lib/gcc/pic32mx/4.8.3/../../../../pic32mx/lib\libpic32.a(default-on-reset.o)
 .debug_abbrev  0x000039da       0x28 c:/program files/microchip/xc32/v2.50/bin/bin/../../lib/gcc/pic32mx/4.8.3/../../../../pic32mx/lib\libpic32.a(default-on-bootstrap.o)
 .debug_abbrev  0x00003a02       0x28 c:/program files/microchip/xc32/v2.50/bin/bin/../../lib/gcc/pic32mx/4.8.3/../../../../pic32mx/lib\libpic32.a(defaultinterrupt.o)
 .debug_abbrev  0x00003a2a       0x28 c:/program files/microchip/xc32/v2.50/bin/bin/../../lib/gcc/pic32mx/4.8.3/../../../../pic32mx/lib\libc.a(strncmp.o)
 .debug_abbrev  0x00003a52       0x28 c:/program files/microchip/xc32/v2.50/bin/bin/../../lib/gcc/pic32mx/4.8.3/../../../../pic32mx/lib\libc.a(strncpy.o)

.debug_line     0x00000000     0xa47c
 *(.debug_line)
 .debug_line    0x00000000      0x34b build/default/production/_ext/1361460060/drv_adc_static.o
 .debug_line    0x0000034b      0x8f7 build/default/production/_ext/1407244131/drv_tmr_static.o
 .debug_line    0x00000c42      0x7bd build/default/production/_ext/1407244131/drv_tmr_mapping.o
 .debug_line    0x000013ff      0x195 build/default/production/_ext/1896729784/Mc32DriverAdc.o
 .debug_line    0x00001594      0x23e build/default/production/_ext/1360937237/Driver_SR_SN74HCS596QPWRQ1.o
 .debug_line    0x000017d2      0x1e8 build/default/production/_ext/1360937237/PIC32130_AT42QT2120_I2C.o
 .debug_line    0x000019ba      0x370 build/default/production/_ext/1360937237/Mc32_I2cUtilCCS.o
 .debug_line    0x00001d2a      0x3a6 build/default/production/_ext/1360937237/mcp79411.o
 .debug_line    0x000020d0      0x13b build/default/production/_ext/1360937237/Mc32gestI2cSeeprom.o
 .debug_line    0x0000220b       0xa2 build/default/production/_ext/1360937237/SDCard_sm.o
 .debug_line    0x000022ad       0x8e build/default/production/_ext/1360937237/main.o
 .debug_line    0x0000233b      0x3c4 build/default/production/_ext/1360937237/app.o
 .debug_line    0x000026ff      0xcdf build/default/production/_ext/1856604796/drv_sdcard.o
 .debug_line    0x000033de      0x793 build/default/production/_ext/1535967397/drv_spi.o
 .debug_line    0x00003b71      0x5ba build/default/production/_ext/368788181/drv_spi_sys_queue_fifo.o
 .debug_line    0x0000412b      0xf85 build/default/production/_ext/1189039745/sys_fs.o
 .debug_line    0x000050b0      0x688 build/default/production/_ext/1189039745/sys_fs_media_manager.o
 .debug_line    0x00005738     0x142c build/default/production/_ext/2143635134/ff.o
 .debug_line    0x00006b64      0x24d build/default/production/_ext/598511097/diskio.o
 .debug_line    0x00006db1      0x228 build/default/production/_ext/711155467/sys_int_pic32.o
 .debug_line    0x00006fd9      0x6ca build/default/production/_ext/430974239/sys_tmr.o
 .debug_line    0x000076a3      0x474 build/default/production/_ext/977502197/drv_spi_tasks.o
 .debug_line    0x00007b17      0x446 build/default/production/_ext/977502197/drv_spi_api.o
 .debug_line    0x00007f5d      0x43b build/default/production/_ext/977502197/drv_spi_master_ebm_tasks.o
 .debug_line    0x00008398      0x2ce build/default/production/_ext/639803181/sys_clk_pic32mx.o
 .debug_line    0x00008666      0x4de build/default/production/_ext/340578644/sys_devcon.o
 .debug_line    0x00008b44      0x38c build/default/production/_ext/340578644/sys_devcon_pic32mx.o
 .debug_line    0x00008ed0      0x59b build/default/production/_ext/822048611/sys_ports_static.o
 .debug_line    0x0000946b      0x519 build/default/production/_ext/1688732426/system_init.o
 .debug_line    0x00009984      0x281 build/default/production/_ext/1688732426/system_interrupt.o
 .debug_line    0x00009c05      0x249 build/default/production/_ext/1688732426/system_exceptions.o
 .debug_line    0x00009e4e      0x1c4 build/default/production/_ext/1688732426/system_tasks.o
 .debug_line    0x0000a012       0xf7 c:/program files/microchip/xc32/v2.50/bin/bin/../../lib/gcc/pic32mx/4.8.3\libgcc.a(_udivdi3.o)
 .debug_line    0x0000a109       0xa6 c:/program files/microchip/xc32/v2.50/bin/bin/../../lib/gcc/pic32mx/4.8.3/../../../../pic32mx/lib\libpic32.a(default-bootstrap-exception-handler.o)
 .debug_line    0x0000a1af       0x93 c:/program files/microchip/xc32/v2.50/bin/bin/../../lib/gcc/pic32mx/4.8.3/../../../../pic32mx/lib\libpic32.a(default-on-reset.o)
 .debug_line    0x0000a242       0x97 c:/program files/microchip/xc32/v2.50/bin/bin/../../lib/gcc/pic32mx/4.8.3/../../../../pic32mx/lib\libpic32.a(default-on-bootstrap.o)
 .debug_line    0x0000a2d9       0xa5 c:/program files/microchip/xc32/v2.50/bin/bin/../../lib/gcc/pic32mx/4.8.3/../../../../pic32mx/lib\libpic32.a(defaultinterrupt.o)
 .debug_line    0x0000a37e       0x7f c:/program files/microchip/xc32/v2.50/bin/bin/../../lib/gcc/pic32mx/4.8.3/../../../../pic32mx/lib\libc.a(strncmp.o)
 .debug_line    0x0000a3fd       0x7f c:/program files/microchip/xc32/v2.50/bin/bin/../../lib/gcc/pic32mx/4.8.3/../../../../pic32mx/lib\libc.a(strncpy.o)

.debug_frame    0x00000000     0x4800
 *(.debug_frame)
 .debug_frame   0x00000000      0x1c0 build/default/production/_ext/1361460060/drv_adc_static.o
 .debug_frame   0x000001c0      0x9c8 build/default/production/_ext/1407244131/drv_tmr_static.o
 .debug_frame   0x00000b88      0x630 build/default/production/_ext/1407244131/drv_tmr_mapping.o
 .debug_frame   0x000011b8       0x58 build/default/production/_ext/1896729784/Mc32DriverAdc.o
 .debug_frame   0x00001210       0x98 build/default/production/_ext/1360937237/Driver_SR_SN74HCS596QPWRQ1.o
 .debug_frame   0x000012a8       0xe8 build/default/production/_ext/1360937237/PIC32130_AT42QT2120_I2C.o
 .debug_frame   0x00001390       0xe8 build/default/production/_ext/1360937237/Mc32_I2cUtilCCS.o
 .debug_frame   0x00001478      0x194 build/default/production/_ext/1360937237/mcp79411.o
 .debug_frame   0x0000160c       0x78 build/default/production/_ext/1360937237/Mc32gestI2cSeeprom.o
 .debug_frame   0x00001684       0x30 build/default/production/_ext/1360937237/SDCard_sm.o
 .debug_frame   0x000016b4       0x2c build/default/production/_ext/1360937237/main.o
 .debug_frame   0x000016e0      0x104 build/default/production/_ext/1360937237/app.o
 .debug_frame   0x000017e4      0x404 build/default/production/_ext/1856604796/drv_sdcard.o
 .debug_frame   0x00001be8      0x2b8 build/default/production/_ext/1535967397/drv_spi.o
 .debug_frame   0x00001ea0      0x394 build/default/production/_ext/368788181/drv_spi_sys_queue_fifo.o
 .debug_frame   0x00002234      0x638 build/default/production/_ext/1189039745/sys_fs.o
 .debug_frame   0x0000286c      0x2c8 build/default/production/_ext/1189039745/sys_fs_media_manager.o
 .debug_frame   0x00002b34      0xa64 build/default/production/_ext/2143635134/ff.o
 .debug_frame   0x00003598      0x100 build/default/production/_ext/598511097/diskio.o
 .debug_frame   0x00003698       0xe8 build/default/production/_ext/711155467/sys_int_pic32.o
 .debug_frame   0x00003780      0x3f8 build/default/production/_ext/430974239/sys_tmr.o
 .debug_frame   0x00003b78       0x34 build/default/production/_ext/977502197/drv_spi_tasks.o
 .debug_frame   0x00003bac       0x5c build/default/production/_ext/977502197/drv_spi_api.o
 .debug_frame   0x00003c08       0x68 build/default/production/_ext/977502197/drv_spi_master_ebm_tasks.o
 .debug_frame   0x00003c70      0x100 build/default/production/_ext/639803181/sys_clk_pic32mx.o
 .debug_frame   0x00003d70      0x1ac build/default/production/_ext/340578644/sys_devcon.o
 .debug_frame   0x00003f1c       0x34 build/default/production/_ext/340578644/sys_devcon_pic32mx.o
 .debug_frame   0x00003f50      0x540 build/default/production/_ext/822048611/sys_ports_static.o
 .debug_frame   0x00004490       0x34 build/default/production/_ext/1688732426/system_init.o
 .debug_frame   0x000044c4      0x1f0 build/default/production/_ext/1688732426/system_interrupt.o
 .debug_frame   0x000046b4       0x2c build/default/production/_ext/1688732426/system_exceptions.o
 .debug_frame   0x000046e0       0x34 build/default/production/_ext/1688732426/system_tasks.o
 .debug_frame   0x00004714       0x20 c:/program files/microchip/xc32/v2.50/bin/bin/../../lib/gcc/pic32mx/4.8.3\libgcc.a(_udivdi3.o)
 .debug_frame   0x00004734       0x2c c:/program files/microchip/xc32/v2.50/bin/bin/../../lib/gcc/pic32mx/4.8.3/../../../../pic32mx/lib\libpic32.a(default-bootstrap-exception-handler.o)
 .debug_frame   0x00004760       0x20 c:/program files/microchip/xc32/v2.50/bin/bin/../../lib/gcc/pic32mx/4.8.3/../../../../pic32mx/lib\libpic32.a(default-on-reset.o)
 .debug_frame   0x00004780       0x20 c:/program files/microchip/xc32/v2.50/bin/bin/../../lib/gcc/pic32mx/4.8.3/../../../../pic32mx/lib\libpic32.a(default-on-bootstrap.o)
 .debug_frame   0x000047a0       0x20 c:/program files/microchip/xc32/v2.50/bin/bin/../../lib/gcc/pic32mx/4.8.3/../../../../pic32mx/lib\libpic32.a(defaultinterrupt.o)
 .debug_frame   0x000047c0       0x20 c:/program files/microchip/xc32/v2.50/bin/bin/../../lib/gcc/pic32mx/4.8.3/../../../../pic32mx/lib\libc.a(strncmp.o)
 .debug_frame   0x000047e0       0x20 c:/program files/microchip/xc32/v2.50/bin/bin/../../lib/gcc/pic32mx/4.8.3/../../../../pic32mx/lib\libc.a(strncpy.o)

.debug_str      0x00000000      0x91e
 *(.debug_str)
 .debug_str     0x00000000        0xa build/default/production/_ext/1361460060/drv_adc_static.o
 .debug_str     0x0000000a       0x58 build/default/production/_ext/1407244131/drv_tmr_static.o
 .debug_str     0x00000062        0xe build/default/production/_ext/1407244131/drv_tmr_mapping.o
 .debug_str     0x00000070        0x0 build/default/production/_ext/1896729784/Mc32DriverAdc.o
 .debug_str     0x00000070        0x9 build/default/production/_ext/1360937237/Driver_SR_SN74HCS596QPWRQ1.o
 .debug_str     0x00000079        0xd build/default/production/_ext/1360937237/PIC32130_AT42QT2120_I2C.o
 .debug_str     0x00000086        0x0 build/default/production/_ext/1360937237/Mc32_I2cUtilCCS.o
 .debug_str     0x00000086       0x4f build/default/production/_ext/1360937237/mcp79411.o
 .debug_str     0x000000d5        0xb build/default/production/_ext/1360937237/Mc32gestI2cSeeprom.o
 .debug_str     0x000000e0        0x0 build/default/production/_ext/1360937237/SDCard_sm.o
 .debug_str     0x000000e0        0x0 build/default/production/_ext/1360937237/main.o
 .debug_str     0x000000e0        0x0 build/default/production/_ext/1360937237/app.o
 .debug_str     0x000000e0      0x1aa build/default/production/_ext/1856604796/drv_sdcard.o
 .debug_str     0x0000028a      0x16b build/default/production/_ext/1535967397/drv_spi.o
 .debug_str     0x000003f5      0x151 build/default/production/_ext/368788181/drv_spi_sys_queue_fifo.o
 .debug_str     0x00000546       0xc1 build/default/production/_ext/1189039745/sys_fs.o
 .debug_str     0x00000607       0xd2 build/default/production/_ext/1189039745/sys_fs_media_manager.o
 .debug_str     0x000006d9       0x23 build/default/production/_ext/2143635134/ff.o
 .debug_str     0x000006fc       0x16 build/default/production/_ext/598511097/diskio.o
 .debug_str     0x00000712       0x10 build/default/production/_ext/711155467/sys_int_pic32.o
 .debug_str     0x00000722       0x7d build/default/production/_ext/430974239/sys_tmr.o
 .debug_str     0x0000079f       0x3d build/default/production/_ext/977502197/drv_spi_tasks.o
 .debug_str     0x000007dc       0xb0 build/default/production/_ext/977502197/drv_spi_api.o
 .debug_str     0x0000088c       0x43 build/default/production/_ext/977502197/drv_spi_master_ebm_tasks.o
 .debug_str     0x000008cf        0x0 build/default/production/_ext/639803181/sys_clk_pic32mx.o
 .debug_str     0x000008cf       0x10 build/default/production/_ext/340578644/sys_devcon.o
 .debug_str     0x000008df        0x0 build/default/production/_ext/340578644/sys_devcon_pic32mx.o
 .debug_str     0x000008df       0x34 build/default/production/_ext/822048611/sys_ports_static.o
 .debug_str     0x00000913        0xb build/default/production/_ext/1688732426/system_init.o
 .debug_str     0x0000091e        0x0 build/default/production/_ext/1688732426/system_interrupt.o
 .debug_str     0x0000091e        0x0 build/default/production/_ext/1688732426/system_exceptions.o
 .debug_str     0x0000091e        0x0 build/default/production/_ext/1688732426/system_tasks.o
 .debug_str     0x0000091e        0x0 c:/program files/microchip/xc32/v2.50/bin/bin/../../lib/gcc/pic32mx/4.8.3\libgcc.a(_udivdi3.o)
 .debug_str     0x0000091e        0x0 c:/program files/microchip/xc32/v2.50/bin/bin/../../lib/gcc/pic32mx/4.8.3/../../../../pic32mx/lib\libpic32.a(default-bootstrap-exception-handler.o)
 .debug_str     0x0000091e        0x0 c:/program files/microchip/xc32/v2.50/bin/bin/../../lib/gcc/pic32mx/4.8.3/../../../../pic32mx/lib\libpic32.a(default-on-reset.o)
 .debug_str     0x0000091e        0x0 c:/program files/microchip/xc32/v2.50/bin/bin/../../lib/gcc/pic32mx/4.8.3/../../../../pic32mx/lib\libpic32.a(default-on-bootstrap.o)
 .debug_str     0x0000091e        0x0 c:/program files/microchip/xc32/v2.50/bin/bin/../../lib/gcc/pic32mx/4.8.3/../../../../pic32mx/lib\libpic32.a(defaultinterrupt.o)
 .debug_str     0x0000091e        0x0 c:/program files/microchip/xc32/v2.50/bin/bin/../../lib/gcc/pic32mx/4.8.3/../../../../pic32mx/lib\libc.a(strncmp.o)
 .debug_str     0x0000091e        0x0 c:/program files/microchip/xc32/v2.50/bin/bin/../../lib/gcc/pic32mx/4.8.3/../../../../pic32mx/lib\libc.a(strncpy.o)

.debug_loc      0x00000000      0xa96
 *(.debug_loc)
 .debug_loc     0x00000000      0xa6a c:/program files/microchip/xc32/v2.50/bin/bin/../../lib/gcc/pic32mx/4.8.3\libgcc.a(_udivdi3.o)
 .debug_loc     0x00000a6a       0x2c c:/program files/microchip/xc32/v2.50/bin/bin/../../lib/gcc/pic32mx/4.8.3/../../../../pic32mx/lib\libpic32.a(default-bootstrap-exception-handler.o)

.debug_macinfo
 *(.debug_macinfo)

.debug_weaknames
 *(.debug_weaknames)

.debug_funcnames
 *(.debug_funcnames)

.debug_typenames
 *(.debug_typenames)

.debug_varnames
 *(.debug_varnames)

.debug_pubtypes
 *(.debug_pubtypes)

.debug_ranges   0x00000000     0x1168
 *(.debug_ranges)
 .debug_ranges  0x00000000       0x68 build/default/production/_ext/1361460060/drv_adc_static.o
 .debug_ranges  0x00000068      0x238 build/default/production/_ext/1407244131/drv_tmr_static.o
 .debug_ranges  0x000002a0      0x178 build/default/production/_ext/1407244131/drv_tmr_mapping.o
 .debug_ranges  0x00000418       0x18 build/default/production/_ext/1896729784/Mc32DriverAdc.o
 .debug_ranges  0x00000430       0x28 build/default/production/_ext/1360937237/Driver_SR_SN74HCS596QPWRQ1.o
 .debug_ranges  0x00000458       0x38 build/default/production/_ext/1360937237/PIC32130_AT42QT2120_I2C.o
 .debug_ranges  0x00000490       0x38 build/default/production/_ext/1360937237/Mc32_I2cUtilCCS.o
 .debug_ranges  0x000004c8       0x60 build/default/production/_ext/1360937237/mcp79411.o
 .debug_ranges  0x00000528       0x20 build/default/production/_ext/1360937237/Mc32gestI2cSeeprom.o
 .debug_ranges  0x00000548       0x10 build/default/production/_ext/1360937237/SDCard_sm.o
 .debug_ranges  0x00000558       0x10 build/default/production/_ext/1360937237/main.o
 .debug_ranges  0x00000568       0x40 build/default/production/_ext/1360937237/app.o
 .debug_ranges  0x000005a8       0xf0 build/default/production/_ext/1856604796/drv_sdcard.o
 .debug_ranges  0x00000698       0xa0 build/default/production/_ext/1535967397/drv_spi.o
 .debug_ranges  0x00000738       0xd8 build/default/production/_ext/368788181/drv_spi_sys_queue_fifo.o
 .debug_ranges  0x00000810      0x168 build/default/production/_ext/1189039745/sys_fs.o
 .debug_ranges  0x00000978       0xa8 build/default/production/_ext/1189039745/sys_fs_media_manager.o
 .debug_ranges  0x00000a20      0x260 build/default/production/_ext/2143635134/ff.o
 .debug_ranges  0x00000c80       0x40 build/default/production/_ext/598511097/diskio.o
 .debug_ranges  0x00000cc0       0x38 build/default/production/_ext/711155467/sys_int_pic32.o
 .debug_ranges  0x00000cf8       0xe8 build/default/production/_ext/430974239/sys_tmr.o
 .debug_ranges  0x00000de0       0x10 build/default/production/_ext/977502197/drv_spi_tasks.o
 .debug_ranges  0x00000df0       0x18 build/default/production/_ext/977502197/drv_spi_api.o
 .debug_ranges  0x00000e08       0x18 build/default/production/_ext/977502197/drv_spi_master_ebm_tasks.o
 .debug_ranges  0x00000e20       0x40 build/default/production/_ext/639803181/sys_clk_pic32mx.o
 .debug_ranges  0x00000e60       0x68 build/default/production/_ext/340578644/sys_devcon.o
 .debug_ranges  0x00000ec8       0x10 build/default/production/_ext/340578644/sys_devcon_pic32mx.o
 .debug_ranges  0x00000ed8      0x138 build/default/production/_ext/822048611/sys_ports_static.o
 .debug_ranges  0x00001010       0x10 build/default/production/_ext/1688732426/system_init.o
 .debug_ranges  0x00001020       0x30 build/default/production/_ext/1688732426/system_interrupt.o
 .debug_ranges  0x00001050       0x10 build/default/production/_ext/1688732426/system_exceptions.o
 .debug_ranges  0x00001060       0x10 build/default/production/_ext/1688732426/system_tasks.o
 .debug_ranges  0x00001070       0x98 c:/program files/microchip/xc32/v2.50/bin/bin/../../lib/gcc/pic32mx/4.8.3\libgcc.a(_udivdi3.o)
 .debug_ranges  0x00001108       0x10 c:/program files/microchip/xc32/v2.50/bin/bin/../../lib/gcc/pic32mx/4.8.3/../../../../pic32mx/lib\libpic32.a(default-bootstrap-exception-handler.o)
 .debug_ranges  0x00001118       0x10 c:/program files/microchip/xc32/v2.50/bin/bin/../../lib/gcc/pic32mx/4.8.3/../../../../pic32mx/lib\libpic32.a(default-on-reset.o)
 .debug_ranges  0x00001128       0x10 c:/program files/microchip/xc32/v2.50/bin/bin/../../lib/gcc/pic32mx/4.8.3/../../../../pic32mx/lib\libpic32.a(default-on-bootstrap.o)
 .debug_ranges  0x00001138       0x10 c:/program files/microchip/xc32/v2.50/bin/bin/../../lib/gcc/pic32mx/4.8.3/../../../../pic32mx/lib\libpic32.a(defaultinterrupt.o)
 .debug_ranges  0x00001148       0x10 c:/program files/microchip/xc32/v2.50/bin/bin/../../lib/gcc/pic32mx/4.8.3/../../../../pic32mx/lib\libc.a(strncmp.o)
 .debug_ranges  0x00001158       0x10 c:/program files/microchip/xc32/v2.50/bin/bin/../../lib/gcc/pic32mx/4.8.3/../../../../pic32mx/lib\libc.a(strncpy.o)

.gnu.attributes
                0x00000000       0x10
 *(.gnu.attributes)
 .gnu.attributes
                0x00000000       0x10 build/default/production/_ext/1361460060/drv_adc_static.o
 .gnu.attributes
                0x00000010       0x10 build/default/production/_ext/1407244131/drv_tmr_static.o
 .gnu.attributes
                0x00000020       0x10 build/default/production/_ext/1407244131/drv_tmr_mapping.o
 .gnu.attributes
                0x00000030       0x10 build/default/production/_ext/1896729784/Mc32DriverAdc.o
 .gnu.attributes
                0x00000040       0x10 build/default/production/_ext/1360937237/Driver_SR_SN74HCS596QPWRQ1.o
 .gnu.attributes
                0x00000050       0x10 build/default/production/_ext/1360937237/PIC32130_AT42QT2120_I2C.o
 .gnu.attributes
                0x00000060       0x10 build/default/production/_ext/1360937237/Mc32_I2cUtilCCS.o
 .gnu.attributes
                0x00000070       0x10 build/default/production/_ext/1360937237/mcp79411.o
 .gnu.attributes
                0x00000080       0x10 build/default/production/_ext/1360937237/Mc32gestI2cSeeprom.o
 .gnu.attributes
                0x00000090       0x10 build/default/production/_ext/1360937237/SDCard_sm.o
 .gnu.attributes
                0x000000a0       0x10 build/default/production/_ext/1360937237/main.o
 .gnu.attributes
                0x000000b0       0x10 build/default/production/_ext/1360937237/app.o
 .gnu.attributes
                0x000000c0       0x10 build/default/production/_ext/1856604796/drv_sdcard.o
 .gnu.attributes
                0x000000d0       0x10 build/default/production/_ext/1535967397/drv_spi.o
 .gnu.attributes
                0x000000e0       0x10 build/default/production/_ext/368788181/drv_spi_sys_queue_fifo.o
 .gnu.attributes
                0x000000f0       0x10 build/default/production/_ext/1189039745/sys_fs.o
 .gnu.attributes
                0x00000100       0x10 build/default/production/_ext/1189039745/sys_fs_media_manager.o
 .gnu.attributes
                0x00000110       0x10 build/default/production/_ext/2143635134/ff.o
 .gnu.attributes
                0x00000120       0x10 build/default/production/_ext/598511097/diskio.o
 .gnu.attributes
                0x00000130       0x10 build/default/production/_ext/711155467/sys_int_pic32.o
 .gnu.attributes
                0x00000140       0x10 build/default/production/_ext/430974239/sys_tmr.o
 .gnu.attributes
                0x00000150       0x10 build/default/production/_ext/977502197/drv_spi_tasks.o
 .gnu.attributes
                0x00000160       0x10 build/default/production/_ext/977502197/drv_spi_api.o
 .gnu.attributes
                0x00000170       0x10 build/default/production/_ext/977502197/drv_spi_master_ebm_tasks.o
 .gnu.attributes
                0x00000180       0x10 build/default/production/_ext/639803181/sys_clk_pic32mx.o
 .gnu.attributes
                0x00000190       0x10 build/default/production/_ext/340578644/sys_devcon.o
 .gnu.attributes
                0x000001a0       0x10 build/default/production/_ext/340578644/sys_devcon_pic32mx.o
 .gnu.attributes
                0x000001b0       0x10 build/default/production/_ext/822048611/sys_ports_static.o
 .gnu.attributes
                0x000001c0       0x10 build/default/production/_ext/1688732426/system_init.o
 .gnu.attributes
                0x000001d0       0x10 build/default/production/_ext/1688732426/system_interrupt.o
 .gnu.attributes
                0x000001e0       0x10 build/default/production/_ext/1688732426/system_exceptions.o
 .gnu.attributes
                0x000001f0       0x10 build/default/production/_ext/1688732426/system_tasks.o
 .gnu.attributes
                0x00000200       0x10 ..\..\..\..\..\..\bin\framework\peripheral\PIC32MX795F512L_peripherals.a(peripheral.o)
 .gnu.attributes
                0x00000210       0x10 c:/program files/microchip/xc32/v2.50/bin/bin/../../lib/gcc/pic32mx/4.8.3\libgcc.a(_udivdi3.o)
 .gnu.attributes
                0x00000220       0x10 c:/program files/microchip/xc32/v2.50/bin/bin/../../lib/gcc/pic32mx/4.8.3/../../../../pic32mx/lib\libpic32.a(default-bootstrap-exception-handler.o)
 .gnu.attributes
                0x00000230       0x10 c:/program files/microchip/xc32/v2.50/bin/bin/../../lib/gcc/pic32mx/4.8.3/../../../../pic32mx/lib\libpic32.a(default-on-reset.o)
 .gnu.attributes
                0x00000240       0x10 c:/program files/microchip/xc32/v2.50/bin/bin/../../lib/gcc/pic32mx/4.8.3/../../../../pic32mx/lib\libpic32.a(default-on-bootstrap.o)
 .gnu.attributes
                0x00000250       0x10 c:/program files/microchip/xc32/v2.50/bin/bin/../../lib/gcc/pic32mx/4.8.3/../../../../pic32mx/lib\libpic32.a(defaultinterrupt.o)
 .gnu.attributes
                0x00000260       0x10 c:/program files/microchip/xc32/v2.50/bin/bin/../../lib/gcc/pic32mx/4.8.3/../../../../pic32mx/lib\libc.a(strncmp.o)
 .gnu.attributes
                0x00000270       0x10 c:/program files/microchip/xc32/v2.50/bin/bin/../../lib/gcc/pic32mx/4.8.3/../../../../pic32mx/lib\libc.a(strncpy.o)
LOAD c:/program files/microchip/xc32/v2.50/bin/bin/../../lib/gcc/pic32mx/4.8.3\libgcc.a
START GROUP
LOAD c:/program files/microchip/xc32/v2.50/bin/bin/../../lib/gcc/pic32mx/4.8.3/../../../../pic32mx/lib\libpic32.a
LOAD c:/program files/microchip/xc32/v2.50/bin/bin/../../lib/gcc/pic32mx/4.8.3/../../../../pic32mx/lib\libdebug.a
LOAD c:/program files/microchip/xc32/v2.50/bin/bin/../../lib/gcc/pic32mx/4.8.3/../../../../pic32mx/lib\libpic32.a
LOAD c:/program files/microchip/xc32/v2.50/bin/bin/../../lib/gcc/pic32mx/4.8.3/../../../../pic32mx/lib\libc.a
LOAD c:/program files/microchip/xc32/v2.50/bin/bin/../../lib/gcc/pic32mx/4.8.3/../../../../pic32mx/lib\libc.a
LOAD c:/program files/microchip/xc32/v2.50/bin/bin/../../lib/gcc/pic32mx/4.8.3/../../../../pic32mx/lib\libm.a
LOAD c:/program files/microchip/xc32/v2.50/bin/bin/../../lib/gcc/pic32mx/4.8.3/../../../../pic32mx/lib\libe.a
LOAD c:/program files/microchip/xc32/v2.50/bin/bin/../../lib/gcc/pic32mx/4.8.3/../../../../pic32mx/lib\libdsp.a
LOAD c:/program files/microchip/xc32/v2.50/bin/bin/../../lib/gcc/pic32mx/4.8.3\libgcc.a
LOAD c:/program files/microchip/xc32/v2.50/bin/bin/../../lib/gcc/pic32mx/4.8.3/../../../../pic32mx/lib\libpic32.a
END GROUP
LOAD c:/program files/microchip/xc32/v2.50/bin/bin/../../lib/gcc/pic32mx/4.8.3\libgcc.a
OUTPUT(dist/default/production/2414-DES_SP7_TestSprinkler.X.production.elf elf32-tradlittlemips)
LOAD stack
LOAD data_init

.reginfo        0x00000000       0x18
 .reginfo       0x00000000       0x18 c:/program files/microchip/xc32/v2.50/bin/bin/../../lib/gcc/pic32mx/4.8.3/../../../../pic32mx/lib\debug-exception-return.o

.stack          0xa00016d8      0x400
 .stack         0xa00016d8      0x400 stack

.COHERENTBSS$   0xa00004a0      0x8d0
 .COHERENTBSS$  0xa00004a0      0x250 build/default/production/_ext/2143635134/ff.o
 .bss.FATFSFileObject.FATFSFileObject
                0xa00006f0      0x240 build/default/production/_ext/2143635134/ff.o
 .bss.gSYSFSMediaBlockBuffer.gSYSFSMediaBlockBuffer
                0xa0000930      0x200 build/default/production/_ext/1189039745/sys_fs_media_manager.o
                0xa0000930                gSYSFSMediaBlockBuffer
 .bss.gSYSFSMediaBuffer.gSYSFSMediaBuffer
                0xa0000b30      0x200 build/default/production/_ext/1189039745/sys_fs_media_manager.o
                0xa0000b30                gSYSFSMediaBuffer
 .bss.gDrvSDCARDCsdData.gDrvSDCARDCsdData
                0xa0000d30       0x20 build/default/production/_ext/1856604796/drv_sdcard.o
                0xa0000d30                gDrvSDCARDCsdData
 .bss.gDrvSDCARDBuffer.gDrvSDCARDBuffer
                0xa0000d50       0x10 build/default/production/_ext/1856604796/drv_sdcard.o
                0xa0000d50                gDrvSDCARDBuffer
 .bss.gDrvSDCARDClkPulseData.gDrvSDCARDClkPulseData
                0xa0000d60       0x10 build/default/production/_ext/1856604796/drv_sdcard.o
                0xa0000d60                gDrvSDCARDClkPulseData

.bss            0xa0000d70      0x5a8
 .bss           0xa0000d70      0x370 build/default/production/_ext/1535967397/drv_spi.o
 .bss           0xa00010e0      0x238 build/default/production/_ext/2143635134/ff.o

.bss            0xa0001318      0x290
 .bss           0xa0001318      0x200 build/default/production/_ext/1360937237/mcp79411.o
 .bss           0xa0001518       0x90 build/default/production/_ext/430974239/sys_tmr.o

.data           0xa00015a8       0xc0
 .data          0xa00015a8       0x74 build/default/production/_ext/1688732426/system_init.o
                0xa00015a8                drvSpi0InitData
 .data          0xa000161c       0x4c build/default/production/_ext/1688732426/system_exceptions.o

.data           0xa0001668       0x54
 .data          0xa0001668       0x2c build/default/production/_ext/1189039745/sys_fs_media_manager.o
                0xa0001668                gSYSFSVolumeName
                0xa000167c                gSYSFSMediaManagerObj
 .data          0xa0001694       0x28 build/default/production/_ext/1535967397/drv_spi.o

._debug_exception
                0xbfc00480       0x2c
 ._debug_exception
                0xbfc00480       0x2c c:/program files/microchip/xc32/v2.50/bin/bin/../../lib/gcc/pic32mx/4.8.3/../../../../pic32mx/lib\debug-exception-return.o
                0xbfc00480                __DbgExecReturn

.text.f_mkfs    0x9d000000     0x140c
 .text.f_mkfs   0x9d000000     0x140c build/default/production/_ext/2143635134/ff.o
                0x9d000000                f_mkfs

.text._DRV_SDCARD_BufferIOTasks
                0x9d00140c     0x1044
 .text._DRV_SDCARD_BufferIOTasks
                0x9d00140c     0x1044 build/default/production/_ext/1856604796/drv_sdcard.o

.text._DRV_SDCARD_MediaInitialize
                0x9d002450      0xb34
 .text._DRV_SDCARD_MediaInitialize
                0x9d002450      0xb34 build/default/production/_ext/1856604796/drv_sdcard.o

.text._DRV_SDCARD_CommandSend
                0x9d002f84      0xa7c
 .text._DRV_SDCARD_CommandSend
                0x9d002f84      0xa7c build/default/production/_ext/1856604796/drv_sdcard.o

.text.find_volume
                0x9d003a00      0xa78
 .text.find_volume
                0x9d003a00      0xa78 build/default/production/_ext/2143635134/ff.o

.text.create_name
                0x9d004478      0x918
 .text.create_name
                0x9d004478      0x918 build/default/production/_ext/2143635134/ff.o

.text.f_printf  0x9d004d90      0x73c
 .text.f_printf
                0x9d004d90      0x73c build/default/production/_ext/2143635134/ff.o
                0x9d004d90                f_printf

.text.f_open    0x9d0054cc      0x684
 .text.f_open   0x9d0054cc      0x684 build/default/production/_ext/2143635134/ff.o
                0x9d0054cc                f_open

.text.f_write   0x9d005b50      0x5f8
 .text.f_write  0x9d005b50      0x5f8 build/default/production/_ext/2143635134/ff.o
                0x9d005b50                f_write

.text.f_setlabel
                0x9d006148      0x5dc
 .text.f_setlabel
                0x9d006148      0x5dc build/default/production/_ext/2143635134/ff.o
                0x9d006148                f_setlabel

.text.f_lseek   0x9d006724      0x538
 .text.f_lseek  0x9d006724      0x538 build/default/production/_ext/2143635134/ff.o
                0x9d006724                f_lseek

.text.f_read    0x9d006c5c      0x534
 .text.f_read   0x9d006c5c      0x534 build/default/production/_ext/2143635134/ff.o
                0x9d006c5c                f_read

.text.SYS_FS_MEDIA_MANAGER_Tasks
                0x9d007190      0x520
 .text.SYS_FS_MEDIA_MANAGER_Tasks
                0x9d007190      0x520 build/default/production/_ext/1189039745/sys_fs_media_manager.o
                0x9d007190                SYS_FS_MEDIA_MANAGER_Tasks

.text.f_fdisk   0x9d0076b0      0x514
 .text.f_fdisk  0x9d0076b0      0x514 build/default/production/_ext/2143635134/ff.o
                0x9d0076b0                f_fdisk

.text.SYS_FS_MEDIA_MANAGER_SectorWrite
                0x9d007bc4      0x4f4
 .text.SYS_FS_MEDIA_MANAGER_SectorWrite
                0x9d007bc4      0x4f4 build/default/production/_ext/1189039745/sys_fs_media_manager.o
                0x9d007bc4                SYS_FS_MEDIA_MANAGER_SectorWrite

.text.DRV_SPI_ISRMasterEBM8BitTasks
                0x9d0080b8      0x4bc
 .text.DRV_SPI_ISRMasterEBM8BitTasks
                0x9d0080b8      0x4bc build/default/production/_ext/977502197/drv_spi_tasks.o
                0x9d0080b8                DRV_SPI_ISRMasterEBM8BitTasks

.text._DRV_SDCARD_MediaCommandDetect
                0x9d008574      0x474
 .text._DRV_SDCARD_MediaCommandDetect
                0x9d008574      0x474 build/default/production/_ext/1856604796/drv_sdcard.o

.text.f_mkdir   0x9d0089e8      0x460
 .text.f_mkdir  0x9d0089e8      0x460 build/default/production/_ext/2143635134/ff.o
                0x9d0089e8                f_mkdir

.text.DRV_SPI_Open
                0x9d008e48      0x448
 .text.DRV_SPI_Open
                0x9d008e48      0x448 build/default/production/_ext/1535967397/drv_spi.o
                0x9d008e48                DRV_SPI_Open

.text._SYS_FS_MEDIA_MANAGER_PopulateVolume
                0x9d009290      0x448
 .text._SYS_FS_MEDIA_MANAGER_PopulateVolume
                0x9d009290      0x448 build/default/production/_ext/1189039745/sys_fs_media_manager.o

.text.put_fat   0x9d0096d8      0x410